Archive member included because of file (symbol)

/Users/Chris/pebble-dev/PebbleSDK-3.0/Pebble/aplite/lib/libpebble.a(tmpepMa8Kpebble.o)
                              src/main.c.24.o (app_event_loop)
/Users/Chris/pebble-dev/PebbleSDK-3.0/arm-cs-tools/bin/../lib/gcc/arm-none-eabi/4.7.2/thumb2/libgcc.a(_arm_addsubdf3.o)
                              src/main.c.24.o (__aeabi_dsub)
/Users/Chris/pebble-dev/PebbleSDK-3.0/arm-cs-tools/bin/../lib/gcc/arm-none-eabi/4.7.2/thumb2/libgcc.a(_arm_muldivdf3.o)
                              src/main.c.24.o (__aeabi_dmul)
/Users/Chris/pebble-dev/PebbleSDK-3.0/arm-cs-tools/bin/../lib/gcc/arm-none-eabi/4.7.2/thumb2/libgcc.a(_arm_cmpdf2.o)
                              src/main.c.24.o (__aeabi_dcmple)
/Users/Chris/pebble-dev/PebbleSDK-3.0/arm-cs-tools/bin/../lib/gcc/arm-none-eabi/4.7.2/thumb2/libgcc.a(_arm_fixdfsi.o)
                              src/main.c.24.o (__aeabi_d2iz)

Allocating common symbols
Common symbol       size              file

order_dollars       0x4               src/main.c.24.o
balance_buffer      0x64              src/main.c.24.o
temp                0x8               src/main.c.24.o
letter_buffer_2     0x1               src/main.c.24.o
balance_dollars     0x4               src/main.c.24.o
iterator            0x4               src/main.c.24.o
letter_buffer_3     0x1               src/main.c.24.o
order               0x3e8             src/main.c.24.o
order_total         0x8               src/main.c.24.o
order_total_buffer  0x64              src/main.c.24.o
balance_cents       0x4               src/main.c.24.o
letter_buffer_1     0x1               src/main.c.24.o
order_cents         0x4               src/main.c.24.o
name                0x3               src/main.c.24.o

Discarded input sections

 .text          0x0000000000000000        0x0 /Users/Chris/pebble-dev/PebbleSDK-3.0/arm-cs-tools/bin/../lib/gcc/arm-none-eabi/4.7.2/thumb2/crti.o
 .bss           0x0000000000000000        0x0 /Users/Chris/pebble-dev/PebbleSDK-3.0/arm-cs-tools/bin/../lib/gcc/arm-none-eabi/4.7.2/thumb2/crti.o
 .init          0x0000000000000000        0x4 /Users/Chris/pebble-dev/PebbleSDK-3.0/arm-cs-tools/bin/../lib/gcc/arm-none-eabi/4.7.2/thumb2/crti.o
 .fini          0x0000000000000000        0x4 /Users/Chris/pebble-dev/PebbleSDK-3.0/arm-cs-tools/bin/../lib/gcc/arm-none-eabi/4.7.2/thumb2/crti.o
 .text          0x0000000000000000       0xc8 /Users/Chris/pebble-dev/PebbleSDK-3.0/arm-cs-tools/bin/../lib/gcc/arm-none-eabi/4.7.2/thumb2/crtbegin.o
 .bss           0x0000000000000000       0x1c /Users/Chris/pebble-dev/PebbleSDK-3.0/arm-cs-tools/bin/../lib/gcc/arm-none-eabi/4.7.2/thumb2/crtbegin.o
 .init_array    0x0000000000000000        0x4 /Users/Chris/pebble-dev/PebbleSDK-3.0/arm-cs-tools/bin/../lib/gcc/arm-none-eabi/4.7.2/thumb2/crtbegin.o
 .fini_array    0x0000000000000000        0x4 /Users/Chris/pebble-dev/PebbleSDK-3.0/arm-cs-tools/bin/../lib/gcc/arm-none-eabi/4.7.2/thumb2/crtbegin.o
 .eh_frame      0x0000000000000000        0x0 /Users/Chris/pebble-dev/PebbleSDK-3.0/arm-cs-tools/bin/../lib/gcc/arm-none-eabi/4.7.2/thumb2/crtbegin.o
 .jcr           0x0000000000000000        0x0 /Users/Chris/pebble-dev/PebbleSDK-3.0/arm-cs-tools/bin/../lib/gcc/arm-none-eabi/4.7.2/thumb2/crtbegin.o
 .tm_clone_table
                0x0000000000000000        0x0 /Users/Chris/pebble-dev/PebbleSDK-3.0/arm-cs-tools/bin/../lib/gcc/arm-none-eabi/4.7.2/thumb2/crtbegin.o
 .text          0x0000000000000000        0x0 src/main.c.24.o
 .bss           0x0000000000000000        0x0 src/main.c.24.o
 .text          0x0000000000000000        0x0 aplite/appinfo.auto.c.24.o
 .bss           0x0000000000000000        0x0 aplite/appinfo.auto.c.24.o
 .bss           0x0000000000000000        0x0 /Users/Chris/pebble-dev/PebbleSDK-3.0/Pebble/aplite/lib/libpebble.a(tmpepMa8Kpebble.o)
 .text.accel_data_service_subscribe__deprecated
                0x0000000000000000        0xc /Users/Chris/pebble-dev/PebbleSDK-3.0/Pebble/aplite/lib/libpebble.a(tmpepMa8Kpebble.o)
 .text.accel_data_service_unsubscribe
                0x0000000000000000        0xc /Users/Chris/pebble-dev/PebbleSDK-3.0/Pebble/aplite/lib/libpebble.a(tmpepMa8Kpebble.o)
 .text.accel_service_peek
                0x0000000000000000        0xc /Users/Chris/pebble-dev/PebbleSDK-3.0/Pebble/aplite/lib/libpebble.a(tmpepMa8Kpebble.o)
 .text.accel_service_set_samples_per_update
                0x0000000000000000        0xc /Users/Chris/pebble-dev/PebbleSDK-3.0/Pebble/aplite/lib/libpebble.a(tmpepMa8Kpebble.o)
 .text.accel_service_set_sampling_rate
                0x0000000000000000        0xc /Users/Chris/pebble-dev/PebbleSDK-3.0/Pebble/aplite/lib/libpebble.a(tmpepMa8Kpebble.o)
 .text.accel_tap_service_subscribe
                0x0000000000000000        0xc /Users/Chris/pebble-dev/PebbleSDK-3.0/Pebble/aplite/lib/libpebble.a(tmpepMa8Kpebble.o)
 .text.accel_tap_service_unsubscribe
                0x0000000000000000        0xc /Users/Chris/pebble-dev/PebbleSDK-3.0/Pebble/aplite/lib/libpebble.a(tmpepMa8Kpebble.o)
 .text.action_bar_layer_add_to_window
                0x0000000000000000        0xc /Users/Chris/pebble-dev/PebbleSDK-3.0/Pebble/aplite/lib/libpebble.a(tmpepMa8Kpebble.o)
 .text.action_bar_layer_clear_icon
                0x0000000000000000        0xc /Users/Chris/pebble-dev/PebbleSDK-3.0/Pebble/aplite/lib/libpebble.a(tmpepMa8Kpebble.o)
 .text.action_bar_layer_create
                0x0000000000000000        0xc /Users/Chris/pebble-dev/PebbleSDK-3.0/Pebble/aplite/lib/libpebble.a(tmpepMa8Kpebble.o)
 .text.action_bar_layer_destroy
                0x0000000000000000        0xc /Users/Chris/pebble-dev/PebbleSDK-3.0/Pebble/aplite/lib/libpebble.a(tmpepMa8Kpebble.o)
 .text.action_bar_layer_get_layer
                0x0000000000000000        0xc /Users/Chris/pebble-dev/PebbleSDK-3.0/Pebble/aplite/lib/libpebble.a(tmpepMa8Kpebble.o)
 .text.action_bar_layer_remove_from_window
                0x0000000000000000        0xc /Users/Chris/pebble-dev/PebbleSDK-3.0/Pebble/aplite/lib/libpebble.a(tmpepMa8Kpebble.o)
 .text.action_bar_layer_set_background_color
                0x0000000000000000        0xc /Users/Chris/pebble-dev/PebbleSDK-3.0/Pebble/aplite/lib/libpebble.a(tmpepMa8Kpebble.o)
 .text.action_bar_layer_set_click_config_provider
                0x0000000000000000        0xc /Users/Chris/pebble-dev/PebbleSDK-3.0/Pebble/aplite/lib/libpebble.a(tmpepMa8Kpebble.o)
 .text.action_bar_layer_set_context
                0x0000000000000000        0xc /Users/Chris/pebble-dev/PebbleSDK-3.0/Pebble/aplite/lib/libpebble.a(tmpepMa8Kpebble.o)
 .text.action_bar_layer_set_icon
                0x0000000000000000        0xc /Users/Chris/pebble-dev/PebbleSDK-3.0/Pebble/aplite/lib/libpebble.a(tmpepMa8Kpebble.o)
 .text.animation_create
                0x0000000000000000        0xc /Users/Chris/pebble-dev/PebbleSDK-3.0/Pebble/aplite/lib/libpebble.a(tmpepMa8Kpebble.o)
 .text.animation_destroy
                0x0000000000000000        0xc /Users/Chris/pebble-dev/PebbleSDK-3.0/Pebble/aplite/lib/libpebble.a(tmpepMa8Kpebble.o)
 .text.animation_get_context
                0x0000000000000000        0xc /Users/Chris/pebble-dev/PebbleSDK-3.0/Pebble/aplite/lib/libpebble.a(tmpepMa8Kpebble.o)
 .text.animation_is_scheduled
                0x0000000000000000        0xc /Users/Chris/pebble-dev/PebbleSDK-3.0/Pebble/aplite/lib/libpebble.a(tmpepMa8Kpebble.o)
 .text.animation_schedule
                0x0000000000000000        0xc /Users/Chris/pebble-dev/PebbleSDK-3.0/Pebble/aplite/lib/libpebble.a(tmpepMa8Kpebble.o)
 .text.animation_set_curve
                0x0000000000000000        0xc /Users/Chris/pebble-dev/PebbleSDK-3.0/Pebble/aplite/lib/libpebble.a(tmpepMa8Kpebble.o)
 .text.animation_set_delay
                0x0000000000000000        0xc /Users/Chris/pebble-dev/PebbleSDK-3.0/Pebble/aplite/lib/libpebble.a(tmpepMa8Kpebble.o)
 .text.animation_set_duration
                0x0000000000000000        0xc /Users/Chris/pebble-dev/PebbleSDK-3.0/Pebble/aplite/lib/libpebble.a(tmpepMa8Kpebble.o)
 .text.animation_set_handlers
                0x0000000000000000        0xc /Users/Chris/pebble-dev/PebbleSDK-3.0/Pebble/aplite/lib/libpebble.a(tmpepMa8Kpebble.o)
 .text.animation_set_implementation
                0x0000000000000000        0xc /Users/Chris/pebble-dev/PebbleSDK-3.0/Pebble/aplite/lib/libpebble.a(tmpepMa8Kpebble.o)
 .text.animation_unschedule
                0x0000000000000000        0xc /Users/Chris/pebble-dev/PebbleSDK-3.0/Pebble/aplite/lib/libpebble.a(tmpepMa8Kpebble.o)
 .text.animation_unschedule_all
                0x0000000000000000        0xc /Users/Chris/pebble-dev/PebbleSDK-3.0/Pebble/aplite/lib/libpebble.a(tmpepMa8Kpebble.o)
 .text.app_comm_get_sniff_interval
                0x0000000000000000        0xc /Users/Chris/pebble-dev/PebbleSDK-3.0/Pebble/aplite/lib/libpebble.a(tmpepMa8Kpebble.o)
 .text.app_comm_set_sniff_interval
                0x0000000000000000        0xc /Users/Chris/pebble-dev/PebbleSDK-3.0/Pebble/aplite/lib/libpebble.a(tmpepMa8Kpebble.o)
 .text.app_message_deregister_callbacks
                0x0000000000000000        0xc /Users/Chris/pebble-dev/PebbleSDK-3.0/Pebble/aplite/lib/libpebble.a(tmpepMa8Kpebble.o)
 .text.app_sync_deinit
                0x0000000000000000        0xc /Users/Chris/pebble-dev/PebbleSDK-3.0/Pebble/aplite/lib/libpebble.a(tmpepMa8Kpebble.o)
 .text.app_sync_get
                0x0000000000000000        0xc /Users/Chris/pebble-dev/PebbleSDK-3.0/Pebble/aplite/lib/libpebble.a(tmpepMa8Kpebble.o)
 .text.app_sync_init
                0x0000000000000000        0xc /Users/Chris/pebble-dev/PebbleSDK-3.0/Pebble/aplite/lib/libpebble.a(tmpepMa8Kpebble.o)
 .text.app_sync_set
                0x0000000000000000        0xc /Users/Chris/pebble-dev/PebbleSDK-3.0/Pebble/aplite/lib/libpebble.a(tmpepMa8Kpebble.o)
 .text.app_timer_cancel
                0x0000000000000000        0xc /Users/Chris/pebble-dev/PebbleSDK-3.0/Pebble/aplite/lib/libpebble.a(tmpepMa8Kpebble.o)
 .text.app_timer_register
                0x0000000000000000        0xc /Users/Chris/pebble-dev/PebbleSDK-3.0/Pebble/aplite/lib/libpebble.a(tmpepMa8Kpebble.o)
 .text.app_timer_reschedule
                0x0000000000000000        0xc /Users/Chris/pebble-dev/PebbleSDK-3.0/Pebble/aplite/lib/libpebble.a(tmpepMa8Kpebble.o)
 .text.atan2_lookup
                0x0000000000000000        0xc /Users/Chris/pebble-dev/PebbleSDK-3.0/Pebble/aplite/lib/libpebble.a(tmpepMa8Kpebble.o)
 .text.atoi     0x0000000000000000        0xc /Users/Chris/pebble-dev/PebbleSDK-3.0/Pebble/aplite/lib/libpebble.a(tmpepMa8Kpebble.o)
 .text.atol     0x0000000000000000        0xc /Users/Chris/pebble-dev/PebbleSDK-3.0/Pebble/aplite/lib/libpebble.a(tmpepMa8Kpebble.o)
 .text.battery_state_service_peek
                0x0000000000000000        0xc /Users/Chris/pebble-dev/PebbleSDK-3.0/Pebble/aplite/lib/libpebble.a(tmpepMa8Kpebble.o)
 .text.battery_state_service_subscribe
                0x0000000000000000        0xc /Users/Chris/pebble-dev/PebbleSDK-3.0/Pebble/aplite/lib/libpebble.a(tmpepMa8Kpebble.o)
 .text.battery_state_service_unsubscribe
                0x0000000000000000        0xc /Users/Chris/pebble-dev/PebbleSDK-3.0/Pebble/aplite/lib/libpebble.a(tmpepMa8Kpebble.o)
 .text.bitmap_layer_set_alignment
                0x0000000000000000        0xc /Users/Chris/pebble-dev/PebbleSDK-3.0/Pebble/aplite/lib/libpebble.a(tmpepMa8Kpebble.o)
 .text.bitmap_layer_set_background_color
                0x0000000000000000        0xc /Users/Chris/pebble-dev/PebbleSDK-3.0/Pebble/aplite/lib/libpebble.a(tmpepMa8Kpebble.o)
 .text.bitmap_layer_set_compositing_mode
                0x0000000000000000        0xc /Users/Chris/pebble-dev/PebbleSDK-3.0/Pebble/aplite/lib/libpebble.a(tmpepMa8Kpebble.o)
 .text.bluetooth_connection_service_peek
                0x0000000000000000        0xc /Users/Chris/pebble-dev/PebbleSDK-3.0/Pebble/aplite/lib/libpebble.a(tmpepMa8Kpebble.o)
 .text.bluetooth_connection_service_subscribe
                0x0000000000000000        0xc /Users/Chris/pebble-dev/PebbleSDK-3.0/Pebble/aplite/lib/libpebble.a(tmpepMa8Kpebble.o)
 .text.bluetooth_connection_service_unsubscribe
                0x0000000000000000        0xc /Users/Chris/pebble-dev/PebbleSDK-3.0/Pebble/aplite/lib/libpebble.a(tmpepMa8Kpebble.o)
 .text.click_number_of_clicks_counted
                0x0000000000000000        0xc /Users/Chris/pebble-dev/PebbleSDK-3.0/Pebble/aplite/lib/libpebble.a(tmpepMa8Kpebble.o)
 .text.click_recognizer_get_button_id
                0x0000000000000000        0xc /Users/Chris/pebble-dev/PebbleSDK-3.0/Pebble/aplite/lib/libpebble.a(tmpepMa8Kpebble.o)
 .text.clock_copy_time_string
                0x0000000000000000        0xc /Users/Chris/pebble-dev/PebbleSDK-3.0/Pebble/aplite/lib/libpebble.a(tmpepMa8Kpebble.o)
 .text.clock_is_24h_style
                0x0000000000000000        0xc /Users/Chris/pebble-dev/PebbleSDK-3.0/Pebble/aplite/lib/libpebble.a(tmpepMa8Kpebble.o)
 .text.cos_lookup
                0x0000000000000000        0xc /Users/Chris/pebble-dev/PebbleSDK-3.0/Pebble/aplite/lib/libpebble.a(tmpepMa8Kpebble.o)
 .text.data_logging_create
                0x0000000000000000        0xc /Users/Chris/pebble-dev/PebbleSDK-3.0/Pebble/aplite/lib/libpebble.a(tmpepMa8Kpebble.o)
 .text.data_logging_finish
                0x0000000000000000        0xc /Users/Chris/pebble-dev/PebbleSDK-3.0/Pebble/aplite/lib/libpebble.a(tmpepMa8Kpebble.o)
 .text.data_logging_log
                0x0000000000000000        0xc /Users/Chris/pebble-dev/PebbleSDK-3.0/Pebble/aplite/lib/libpebble.a(tmpepMa8Kpebble.o)
 .text.dict_calc_buffer_size
                0x0000000000000000        0xc /Users/Chris/pebble-dev/PebbleSDK-3.0/Pebble/aplite/lib/libpebble.a(tmpepMa8Kpebble.o)
 .text.dict_calc_buffer_size_from_tuplets
                0x0000000000000000        0xc /Users/Chris/pebble-dev/PebbleSDK-3.0/Pebble/aplite/lib/libpebble.a(tmpepMa8Kpebble.o)
 .text.dict_find
                0x0000000000000000        0xc /Users/Chris/pebble-dev/PebbleSDK-3.0/Pebble/aplite/lib/libpebble.a(tmpepMa8Kpebble.o)
 .text.dict_merge
                0x0000000000000000        0xc /Users/Chris/pebble-dev/PebbleSDK-3.0/Pebble/aplite/lib/libpebble.a(tmpepMa8Kpebble.o)
 .text.dict_read_begin_from_buffer
                0x0000000000000000        0xc /Users/Chris/pebble-dev/PebbleSDK-3.0/Pebble/aplite/lib/libpebble.a(tmpepMa8Kpebble.o)
 .text.dict_read_first
                0x0000000000000000        0xc /Users/Chris/pebble-dev/PebbleSDK-3.0/Pebble/aplite/lib/libpebble.a(tmpepMa8Kpebble.o)
 .text.dict_read_next
                0x0000000000000000        0xc /Users/Chris/pebble-dev/PebbleSDK-3.0/Pebble/aplite/lib/libpebble.a(tmpepMa8Kpebble.o)
 .text.dict_serialize_tuplets
                0x0000000000000000        0xc /Users/Chris/pebble-dev/PebbleSDK-3.0/Pebble/aplite/lib/libpebble.a(tmpepMa8Kpebble.o)
 .text.dict_serialize_tuplets_to_buffer__deprecated
                0x0000000000000000        0xc /Users/Chris/pebble-dev/PebbleSDK-3.0/Pebble/aplite/lib/libpebble.a(tmpepMa8Kpebble.o)
 .text.dict_serialize_tuplets_to_buffer_with_iter
                0x0000000000000000        0xc /Users/Chris/pebble-dev/PebbleSDK-3.0/Pebble/aplite/lib/libpebble.a(tmpepMa8Kpebble.o)
 .text.dict_write_begin
                0x0000000000000000        0xc /Users/Chris/pebble-dev/PebbleSDK-3.0/Pebble/aplite/lib/libpebble.a(tmpepMa8Kpebble.o)
 .text.dict_write_data
                0x0000000000000000        0xc /Users/Chris/pebble-dev/PebbleSDK-3.0/Pebble/aplite/lib/libpebble.a(tmpepMa8Kpebble.o)
 .text.dict_write_int
                0x0000000000000000        0xc /Users/Chris/pebble-dev/PebbleSDK-3.0/Pebble/aplite/lib/libpebble.a(tmpepMa8Kpebble.o)
 .text.dict_write_int16
                0x0000000000000000        0xc /Users/Chris/pebble-dev/PebbleSDK-3.0/Pebble/aplite/lib/libpebble.a(tmpepMa8Kpebble.o)
 .text.dict_write_int32
                0x0000000000000000        0xc /Users/Chris/pebble-dev/PebbleSDK-3.0/Pebble/aplite/lib/libpebble.a(tmpepMa8Kpebble.o)
 .text.dict_write_int8
                0x0000000000000000        0xc /Users/Chris/pebble-dev/PebbleSDK-3.0/Pebble/aplite/lib/libpebble.a(tmpepMa8Kpebble.o)
 .text.dict_write_tuplet
                0x0000000000000000        0xc /Users/Chris/pebble-dev/PebbleSDK-3.0/Pebble/aplite/lib/libpebble.a(tmpepMa8Kpebble.o)
 .text.dict_write_uint16
                0x0000000000000000        0xc /Users/Chris/pebble-dev/PebbleSDK-3.0/Pebble/aplite/lib/libpebble.a(tmpepMa8Kpebble.o)
 .text.dict_write_uint32
                0x0000000000000000        0xc /Users/Chris/pebble-dev/PebbleSDK-3.0/Pebble/aplite/lib/libpebble.a(tmpepMa8Kpebble.o)
 .text.dict_write_uint8
                0x0000000000000000        0xc /Users/Chris/pebble-dev/PebbleSDK-3.0/Pebble/aplite/lib/libpebble.a(tmpepMa8Kpebble.o)
 .text.fonts_load_custom_font
                0x0000000000000000        0xc /Users/Chris/pebble-dev/PebbleSDK-3.0/Pebble/aplite/lib/libpebble.a(tmpepMa8Kpebble.o)
 .text.fonts_unload_custom_font
                0x0000000000000000        0xc /Users/Chris/pebble-dev/PebbleSDK-3.0/Pebble/aplite/lib/libpebble.a(tmpepMa8Kpebble.o)
 .text.free     0x0000000000000000        0xc /Users/Chris/pebble-dev/PebbleSDK-3.0/Pebble/aplite/lib/libpebble.a(tmpepMa8Kpebble.o)
 .text.gbitmap_create_as_sub_bitmap
                0x0000000000000000        0xc /Users/Chris/pebble-dev/PebbleSDK-3.0/Pebble/aplite/lib/libpebble.a(tmpepMa8Kpebble.o)
 .text.gbitmap_create_with_data
                0x0000000000000000        0xc /Users/Chris/pebble-dev/PebbleSDK-3.0/Pebble/aplite/lib/libpebble.a(tmpepMa8Kpebble.o)
 .text.gmtime   0x0000000000000000        0xc /Users/Chris/pebble-dev/PebbleSDK-3.0/Pebble/aplite/lib/libpebble.a(tmpepMa8Kpebble.o)
 .text.gpath_create
                0x0000000000000000        0xc /Users/Chris/pebble-dev/PebbleSDK-3.0/Pebble/aplite/lib/libpebble.a(tmpepMa8Kpebble.o)
 .text.gpath_destroy
                0x0000000000000000        0xc /Users/Chris/pebble-dev/PebbleSDK-3.0/Pebble/aplite/lib/libpebble.a(tmpepMa8Kpebble.o)
 .text.gpath_draw_filled_legacy
                0x0000000000000000        0xc /Users/Chris/pebble-dev/PebbleSDK-3.0/Pebble/aplite/lib/libpebble.a(tmpepMa8Kpebble.o)
 .text.gpath_draw_outline
                0x0000000000000000        0xc /Users/Chris/pebble-dev/PebbleSDK-3.0/Pebble/aplite/lib/libpebble.a(tmpepMa8Kpebble.o)
 .text.gpath_move_to
                0x0000000000000000        0xc /Users/Chris/pebble-dev/PebbleSDK-3.0/Pebble/aplite/lib/libpebble.a(tmpepMa8Kpebble.o)
 .text.gpath_rotate_to
                0x0000000000000000        0xc /Users/Chris/pebble-dev/PebbleSDK-3.0/Pebble/aplite/lib/libpebble.a(tmpepMa8Kpebble.o)
 .text.gpoint_equal
                0x0000000000000000        0xc /Users/Chris/pebble-dev/PebbleSDK-3.0/Pebble/aplite/lib/libpebble.a(tmpepMa8Kpebble.o)
 .text.graphics_context_set_compositing_mode
                0x0000000000000000        0xc /Users/Chris/pebble-dev/PebbleSDK-3.0/Pebble/aplite/lib/libpebble.a(tmpepMa8Kpebble.o)
 .text.graphics_context_set_fill_color
                0x0000000000000000        0xc /Users/Chris/pebble-dev/PebbleSDK-3.0/Pebble/aplite/lib/libpebble.a(tmpepMa8Kpebble.o)
 .text.graphics_context_set_stroke_color
                0x0000000000000000        0xc /Users/Chris/pebble-dev/PebbleSDK-3.0/Pebble/aplite/lib/libpebble.a(tmpepMa8Kpebble.o)
 .text.graphics_context_set_text_color
                0x0000000000000000        0xc /Users/Chris/pebble-dev/PebbleSDK-3.0/Pebble/aplite/lib/libpebble.a(tmpepMa8Kpebble.o)
 .text.graphics_draw_bitmap_in_rect
                0x0000000000000000        0xc /Users/Chris/pebble-dev/PebbleSDK-3.0/Pebble/aplite/lib/libpebble.a(tmpepMa8Kpebble.o)
 .text.graphics_draw_circle
                0x0000000000000000        0xc /Users/Chris/pebble-dev/PebbleSDK-3.0/Pebble/aplite/lib/libpebble.a(tmpepMa8Kpebble.o)
 .text.graphics_draw_line
                0x0000000000000000        0xc /Users/Chris/pebble-dev/PebbleSDK-3.0/Pebble/aplite/lib/libpebble.a(tmpepMa8Kpebble.o)
 .text.graphics_draw_pixel
                0x0000000000000000        0xc /Users/Chris/pebble-dev/PebbleSDK-3.0/Pebble/aplite/lib/libpebble.a(tmpepMa8Kpebble.o)
 .text.graphics_draw_rect
                0x0000000000000000        0xc /Users/Chris/pebble-dev/PebbleSDK-3.0/Pebble/aplite/lib/libpebble.a(tmpepMa8Kpebble.o)
 .text.graphics_draw_round_rect
                0x0000000000000000        0xc /Users/Chris/pebble-dev/PebbleSDK-3.0/Pebble/aplite/lib/libpebble.a(tmpepMa8Kpebble.o)
 .text.graphics_fill_circle
                0x0000000000000000        0xc /Users/Chris/pebble-dev/PebbleSDK-3.0/Pebble/aplite/lib/libpebble.a(tmpepMa8Kpebble.o)
 .text.graphics_fill_rect
                0x0000000000000000        0xc /Users/Chris/pebble-dev/PebbleSDK-3.0/Pebble/aplite/lib/libpebble.a(tmpepMa8Kpebble.o)
 .text.graphics_text_layout_get_max_used_size
                0x0000000000000000        0xc /Users/Chris/pebble-dev/PebbleSDK-3.0/Pebble/aplite/lib/libpebble.a(tmpepMa8Kpebble.o)
 .text.grect_align
                0x0000000000000000        0xc /Users/Chris/pebble-dev/PebbleSDK-3.0/Pebble/aplite/lib/libpebble.a(tmpepMa8Kpebble.o)
 .text.grect_center_point
                0x0000000000000000        0xc /Users/Chris/pebble-dev/PebbleSDK-3.0/Pebble/aplite/lib/libpebble.a(tmpepMa8Kpebble.o)
 .text.grect_clip
                0x0000000000000000        0xc /Users/Chris/pebble-dev/PebbleSDK-3.0/Pebble/aplite/lib/libpebble.a(tmpepMa8Kpebble.o)
 .text.grect_contains_point
                0x0000000000000000        0xc /Users/Chris/pebble-dev/PebbleSDK-3.0/Pebble/aplite/lib/libpebble.a(tmpepMa8Kpebble.o)
 .text.grect_crop
                0x0000000000000000        0xc /Users/Chris/pebble-dev/PebbleSDK-3.0/Pebble/aplite/lib/libpebble.a(tmpepMa8Kpebble.o)
 .text.grect_equal
                0x0000000000000000        0xc /Users/Chris/pebble-dev/PebbleSDK-3.0/Pebble/aplite/lib/libpebble.a(tmpepMa8Kpebble.o)
 .text.grect_is_empty
                0x0000000000000000        0xc /Users/Chris/pebble-dev/PebbleSDK-3.0/Pebble/aplite/lib/libpebble.a(tmpepMa8Kpebble.o)
 .text.grect_standardize
                0x0000000000000000        0xc /Users/Chris/pebble-dev/PebbleSDK-3.0/Pebble/aplite/lib/libpebble.a(tmpepMa8Kpebble.o)
 .text.gsize_equal
                0x0000000000000000        0xc /Users/Chris/pebble-dev/PebbleSDK-3.0/Pebble/aplite/lib/libpebble.a(tmpepMa8Kpebble.o)
 .text.inverter_layer_create
                0x0000000000000000        0xc /Users/Chris/pebble-dev/PebbleSDK-3.0/Pebble/aplite/lib/libpebble.a(tmpepMa8Kpebble.o)
 .text.inverter_layer_destroy
                0x0000000000000000        0xc /Users/Chris/pebble-dev/PebbleSDK-3.0/Pebble/aplite/lib/libpebble.a(tmpepMa8Kpebble.o)
 .text.inverter_layer_get_layer
                0x0000000000000000        0xc /Users/Chris/pebble-dev/PebbleSDK-3.0/Pebble/aplite/lib/libpebble.a(tmpepMa8Kpebble.o)
 .text.layer_create
                0x0000000000000000        0xc /Users/Chris/pebble-dev/PebbleSDK-3.0/Pebble/aplite/lib/libpebble.a(tmpepMa8Kpebble.o)
 .text.layer_create_with_data
                0x0000000000000000        0xc /Users/Chris/pebble-dev/PebbleSDK-3.0/Pebble/aplite/lib/libpebble.a(tmpepMa8Kpebble.o)
 .text.layer_destroy
                0x0000000000000000        0xc /Users/Chris/pebble-dev/PebbleSDK-3.0/Pebble/aplite/lib/libpebble.a(tmpepMa8Kpebble.o)
 .text.layer_get_bounds
                0x0000000000000000        0xc /Users/Chris/pebble-dev/PebbleSDK-3.0/Pebble/aplite/lib/libpebble.a(tmpepMa8Kpebble.o)
 .text.layer_get_clips
                0x0000000000000000        0xc /Users/Chris/pebble-dev/PebbleSDK-3.0/Pebble/aplite/lib/libpebble.a(tmpepMa8Kpebble.o)
 .text.layer_get_data
                0x0000000000000000        0xc /Users/Chris/pebble-dev/PebbleSDK-3.0/Pebble/aplite/lib/libpebble.a(tmpepMa8Kpebble.o)
 .text.layer_get_frame
                0x0000000000000000        0xc /Users/Chris/pebble-dev/PebbleSDK-3.0/Pebble/aplite/lib/libpebble.a(tmpepMa8Kpebble.o)
 .text.layer_get_hidden
                0x0000000000000000        0xc /Users/Chris/pebble-dev/PebbleSDK-3.0/Pebble/aplite/lib/libpebble.a(tmpepMa8Kpebble.o)
 .text.layer_get_window
                0x0000000000000000        0xc /Users/Chris/pebble-dev/PebbleSDK-3.0/Pebble/aplite/lib/libpebble.a(tmpepMa8Kpebble.o)
 .text.layer_insert_above_sibling
                0x0000000000000000        0xc /Users/Chris/pebble-dev/PebbleSDK-3.0/Pebble/aplite/lib/libpebble.a(tmpepMa8Kpebble.o)
 .text.layer_insert_below_sibling
                0x0000000000000000        0xc /Users/Chris/pebble-dev/PebbleSDK-3.0/Pebble/aplite/lib/libpebble.a(tmpepMa8Kpebble.o)
 .text.layer_mark_dirty
                0x0000000000000000        0xc /Users/Chris/pebble-dev/PebbleSDK-3.0/Pebble/aplite/lib/libpebble.a(tmpepMa8Kpebble.o)
 .text.layer_remove_child_layers
                0x0000000000000000        0xc /Users/Chris/pebble-dev/PebbleSDK-3.0/Pebble/aplite/lib/libpebble.a(tmpepMa8Kpebble.o)
 .text.layer_remove_from_parent
                0x0000000000000000        0xc /Users/Chris/pebble-dev/PebbleSDK-3.0/Pebble/aplite/lib/libpebble.a(tmpepMa8Kpebble.o)
 .text.layer_set_bounds
                0x0000000000000000        0xc /Users/Chris/pebble-dev/PebbleSDK-3.0/Pebble/aplite/lib/libpebble.a(tmpepMa8Kpebble.o)
 .text.layer_set_clips
                0x0000000000000000        0xc /Users/Chris/pebble-dev/PebbleSDK-3.0/Pebble/aplite/lib/libpebble.a(tmpepMa8Kpebble.o)
 .text.layer_set_frame
                0x0000000000000000        0xc /Users/Chris/pebble-dev/PebbleSDK-3.0/Pebble/aplite/lib/libpebble.a(tmpepMa8Kpebble.o)
 .text.layer_set_hidden
                0x0000000000000000        0xc /Users/Chris/pebble-dev/PebbleSDK-3.0/Pebble/aplite/lib/libpebble.a(tmpepMa8Kpebble.o)
 .text.layer_set_update_proc
                0x0000000000000000        0xc /Users/Chris/pebble-dev/PebbleSDK-3.0/Pebble/aplite/lib/libpebble.a(tmpepMa8Kpebble.o)
 .text.light_enable
                0x0000000000000000        0xc /Users/Chris/pebble-dev/PebbleSDK-3.0/Pebble/aplite/lib/libpebble.a(tmpepMa8Kpebble.o)
 .text.light_enable_interaction
                0x0000000000000000        0xc /Users/Chris/pebble-dev/PebbleSDK-3.0/Pebble/aplite/lib/libpebble.a(tmpepMa8Kpebble.o)
 .text.localtime
                0x0000000000000000        0xc /Users/Chris/pebble-dev/PebbleSDK-3.0/Pebble/aplite/lib/libpebble.a(tmpepMa8Kpebble.o)
 .text.malloc   0x0000000000000000        0xc /Users/Chris/pebble-dev/PebbleSDK-3.0/Pebble/aplite/lib/libpebble.a(tmpepMa8Kpebble.o)
 .text.memcpy   0x0000000000000000        0xc /Users/Chris/pebble-dev/PebbleSDK-3.0/Pebble/aplite/lib/libpebble.a(tmpepMa8Kpebble.o)
 .text.memmove  0x0000000000000000        0xc /Users/Chris/pebble-dev/PebbleSDK-3.0/Pebble/aplite/lib/libpebble.a(tmpepMa8Kpebble.o)
 .text.menu_cell_title_draw
                0x0000000000000000        0xc /Users/Chris/pebble-dev/PebbleSDK-3.0/Pebble/aplite/lib/libpebble.a(tmpepMa8Kpebble.o)
 .text.menu_index_compare
                0x0000000000000000        0xc /Users/Chris/pebble-dev/PebbleSDK-3.0/Pebble/aplite/lib/libpebble.a(tmpepMa8Kpebble.o)
 .text.menu_layer_get_scroll_layer
                0x0000000000000000        0xc /Users/Chris/pebble-dev/PebbleSDK-3.0/Pebble/aplite/lib/libpebble.a(tmpepMa8Kpebble.o)
 .text.menu_layer_get_selected_index
                0x0000000000000000        0xc /Users/Chris/pebble-dev/PebbleSDK-3.0/Pebble/aplite/lib/libpebble.a(tmpepMa8Kpebble.o)
 .text.menu_layer_reload_data
                0x0000000000000000        0xc /Users/Chris/pebble-dev/PebbleSDK-3.0/Pebble/aplite/lib/libpebble.a(tmpepMa8Kpebble.o)
 .text.menu_layer_set_callbacks__deprecated
                0x0000000000000000        0xc /Users/Chris/pebble-dev/PebbleSDK-3.0/Pebble/aplite/lib/libpebble.a(tmpepMa8Kpebble.o)
 .text.menu_layer_set_selected_index
                0x0000000000000000        0xc /Users/Chris/pebble-dev/PebbleSDK-3.0/Pebble/aplite/lib/libpebble.a(tmpepMa8Kpebble.o)
 .text.menu_layer_set_selected_next
                0x0000000000000000        0xc /Users/Chris/pebble-dev/PebbleSDK-3.0/Pebble/aplite/lib/libpebble.a(tmpepMa8Kpebble.o)
 .text.number_window_create
                0x0000000000000000        0xc /Users/Chris/pebble-dev/PebbleSDK-3.0/Pebble/aplite/lib/libpebble.a(tmpepMa8Kpebble.o)
 .text.number_window_destroy
                0x0000000000000000        0xc /Users/Chris/pebble-dev/PebbleSDK-3.0/Pebble/aplite/lib/libpebble.a(tmpepMa8Kpebble.o)
 .text.number_window_get_value
                0x0000000000000000        0xc /Users/Chris/pebble-dev/PebbleSDK-3.0/Pebble/aplite/lib/libpebble.a(tmpepMa8Kpebble.o)
 .text.number_window_set_label
                0x0000000000000000        0xc /Users/Chris/pebble-dev/PebbleSDK-3.0/Pebble/aplite/lib/libpebble.a(tmpepMa8Kpebble.o)
 .text.number_window_set_max
                0x0000000000000000        0xc /Users/Chris/pebble-dev/PebbleSDK-3.0/Pebble/aplite/lib/libpebble.a(tmpepMa8Kpebble.o)
 .text.number_window_set_min
                0x0000000000000000        0xc /Users/Chris/pebble-dev/PebbleSDK-3.0/Pebble/aplite/lib/libpebble.a(tmpepMa8Kpebble.o)
 .text.number_window_set_step_size
                0x0000000000000000        0xc /Users/Chris/pebble-dev/PebbleSDK-3.0/Pebble/aplite/lib/libpebble.a(tmpepMa8Kpebble.o)
 .text.number_window_set_value
                0x0000000000000000        0xc /Users/Chris/pebble-dev/PebbleSDK-3.0/Pebble/aplite/lib/libpebble.a(tmpepMa8Kpebble.o)
 .text.persist_delete
                0x0000000000000000        0xc /Users/Chris/pebble-dev/PebbleSDK-3.0/Pebble/aplite/lib/libpebble.a(tmpepMa8Kpebble.o)
 .text.persist_get_size
                0x0000000000000000        0xc /Users/Chris/pebble-dev/PebbleSDK-3.0/Pebble/aplite/lib/libpebble.a(tmpepMa8Kpebble.o)
 .text.persist_read_bool
                0x0000000000000000        0xc /Users/Chris/pebble-dev/PebbleSDK-3.0/Pebble/aplite/lib/libpebble.a(tmpepMa8Kpebble.o)
 .text.persist_read_data__deprecated
                0x0000000000000000        0xc /Users/Chris/pebble-dev/PebbleSDK-3.0/Pebble/aplite/lib/libpebble.a(tmpepMa8Kpebble.o)
 .text.persist_read_string__deprecated
                0x0000000000000000        0xc /Users/Chris/pebble-dev/PebbleSDK-3.0/Pebble/aplite/lib/libpebble.a(tmpepMa8Kpebble.o)
 .text.persist_write_bool
                0x0000000000000000        0xc /Users/Chris/pebble-dev/PebbleSDK-3.0/Pebble/aplite/lib/libpebble.a(tmpepMa8Kpebble.o)
 .text.persist_write_data__deprecated
                0x0000000000000000        0xc /Users/Chris/pebble-dev/PebbleSDK-3.0/Pebble/aplite/lib/libpebble.a(tmpepMa8Kpebble.o)
 .text.property_animation_create
                0x0000000000000000        0xc /Users/Chris/pebble-dev/PebbleSDK-3.0/Pebble/aplite/lib/libpebble.a(tmpepMa8Kpebble.o)
 .text.property_animation_create_layer_frame
                0x0000000000000000        0xc /Users/Chris/pebble-dev/PebbleSDK-3.0/Pebble/aplite/lib/libpebble.a(tmpepMa8Kpebble.o)
 .text.property_animation_destroy
                0x0000000000000000        0xc /Users/Chris/pebble-dev/PebbleSDK-3.0/Pebble/aplite/lib/libpebble.a(tmpepMa8Kpebble.o)
 .text.property_animation_update_gpoint
                0x0000000000000000        0xc /Users/Chris/pebble-dev/PebbleSDK-3.0/Pebble/aplite/lib/libpebble.a(tmpepMa8Kpebble.o)
 .text.property_animation_update_grect
                0x0000000000000000        0xc /Users/Chris/pebble-dev/PebbleSDK-3.0/Pebble/aplite/lib/libpebble.a(tmpepMa8Kpebble.o)
 .text.property_animation_update_int16
                0x0000000000000000        0xc /Users/Chris/pebble-dev/PebbleSDK-3.0/Pebble/aplite/lib/libpebble.a(tmpepMa8Kpebble.o)
 .text.rand     0x0000000000000000        0xc /Users/Chris/pebble-dev/PebbleSDK-3.0/Pebble/aplite/lib/libpebble.a(tmpepMa8Kpebble.o)
 .text.resource_get_handle
                0x0000000000000000        0xc /Users/Chris/pebble-dev/PebbleSDK-3.0/Pebble/aplite/lib/libpebble.a(tmpepMa8Kpebble.o)
 .text.resource_load
                0x0000000000000000        0xc /Users/Chris/pebble-dev/PebbleSDK-3.0/Pebble/aplite/lib/libpebble.a(tmpepMa8Kpebble.o)
 .text.resource_load_byte_range
                0x0000000000000000        0xc /Users/Chris/pebble-dev/PebbleSDK-3.0/Pebble/aplite/lib/libpebble.a(tmpepMa8Kpebble.o)
 .text.resource_size
                0x0000000000000000        0xc /Users/Chris/pebble-dev/PebbleSDK-3.0/Pebble/aplite/lib/libpebble.a(tmpepMa8Kpebble.o)
 .text.rot_bitmap_layer_create
                0x0000000000000000        0xc /Users/Chris/pebble-dev/PebbleSDK-3.0/Pebble/aplite/lib/libpebble.a(tmpepMa8Kpebble.o)
 .text.rot_bitmap_layer_destroy
                0x0000000000000000        0xc /Users/Chris/pebble-dev/PebbleSDK-3.0/Pebble/aplite/lib/libpebble.a(tmpepMa8Kpebble.o)
 .text.rot_bitmap_layer_increment_angle
                0x0000000000000000        0xc /Users/Chris/pebble-dev/PebbleSDK-3.0/Pebble/aplite/lib/libpebble.a(tmpepMa8Kpebble.o)
 .text.rot_bitmap_layer_set_angle
                0x0000000000000000        0xc /Users/Chris/pebble-dev/PebbleSDK-3.0/Pebble/aplite/lib/libpebble.a(tmpepMa8Kpebble.o)
 .text.rot_bitmap_layer_set_corner_clip_color
                0x0000000000000000        0xc /Users/Chris/pebble-dev/PebbleSDK-3.0/Pebble/aplite/lib/libpebble.a(tmpepMa8Kpebble.o)
 .text.rot_bitmap_set_compositing_mode
                0x0000000000000000        0xc /Users/Chris/pebble-dev/PebbleSDK-3.0/Pebble/aplite/lib/libpebble.a(tmpepMa8Kpebble.o)
 .text.rot_bitmap_set_src_ic
                0x0000000000000000        0xc /Users/Chris/pebble-dev/PebbleSDK-3.0/Pebble/aplite/lib/libpebble.a(tmpepMa8Kpebble.o)
 .text.scroll_layer_add_child
                0x0000000000000000        0xc /Users/Chris/pebble-dev/PebbleSDK-3.0/Pebble/aplite/lib/libpebble.a(tmpepMa8Kpebble.o)
 .text.scroll_layer_create
                0x0000000000000000        0xc /Users/Chris/pebble-dev/PebbleSDK-3.0/Pebble/aplite/lib/libpebble.a(tmpepMa8Kpebble.o)
 .text.scroll_layer_destroy
                0x0000000000000000        0xc /Users/Chris/pebble-dev/PebbleSDK-3.0/Pebble/aplite/lib/libpebble.a(tmpepMa8Kpebble.o)
 .text.scroll_layer_get_content_offset
                0x0000000000000000        0xc /Users/Chris/pebble-dev/PebbleSDK-3.0/Pebble/aplite/lib/libpebble.a(tmpepMa8Kpebble.o)
 .text.scroll_layer_get_content_size
                0x0000000000000000        0xc /Users/Chris/pebble-dev/PebbleSDK-3.0/Pebble/aplite/lib/libpebble.a(tmpepMa8Kpebble.o)
 .text.scroll_layer_get_layer
                0x0000000000000000        0xc /Users/Chris/pebble-dev/PebbleSDK-3.0/Pebble/aplite/lib/libpebble.a(tmpepMa8Kpebble.o)
 .text.scroll_layer_get_shadow_hidden
                0x0000000000000000        0xc /Users/Chris/pebble-dev/PebbleSDK-3.0/Pebble/aplite/lib/libpebble.a(tmpepMa8Kpebble.o)
 .text.scroll_layer_scroll_down_click_handler
                0x0000000000000000        0xc /Users/Chris/pebble-dev/PebbleSDK-3.0/Pebble/aplite/lib/libpebble.a(tmpepMa8Kpebble.o)
 .text.scroll_layer_scroll_up_click_handler
                0x0000000000000000        0xc /Users/Chris/pebble-dev/PebbleSDK-3.0/Pebble/aplite/lib/libpebble.a(tmpepMa8Kpebble.o)
 .text.scroll_layer_set_callbacks
                0x0000000000000000        0xc /Users/Chris/pebble-dev/PebbleSDK-3.0/Pebble/aplite/lib/libpebble.a(tmpepMa8Kpebble.o)
 .text.scroll_layer_set_click_config_onto_window
                0x0000000000000000        0xc /Users/Chris/pebble-dev/PebbleSDK-3.0/Pebble/aplite/lib/libpebble.a(tmpepMa8Kpebble.o)
 .text.scroll_layer_set_content_offset
                0x0000000000000000        0xc /Users/Chris/pebble-dev/PebbleSDK-3.0/Pebble/aplite/lib/libpebble.a(tmpepMa8Kpebble.o)
 .text.scroll_layer_set_content_size
                0x0000000000000000        0xc /Users/Chris/pebble-dev/PebbleSDK-3.0/Pebble/aplite/lib/libpebble.a(tmpepMa8Kpebble.o)
 .text.scroll_layer_set_context
                0x0000000000000000        0xc /Users/Chris/pebble-dev/PebbleSDK-3.0/Pebble/aplite/lib/libpebble.a(tmpepMa8Kpebble.o)
 .text.scroll_layer_set_frame
                0x0000000000000000        0xc /Users/Chris/pebble-dev/PebbleSDK-3.0/Pebble/aplite/lib/libpebble.a(tmpepMa8Kpebble.o)
 .text.scroll_layer_set_shadow_hidden
                0x0000000000000000        0xc /Users/Chris/pebble-dev/PebbleSDK-3.0/Pebble/aplite/lib/libpebble.a(tmpepMa8Kpebble.o)
 .text.simple_menu_layer_create
                0x0000000000000000        0xc /Users/Chris/pebble-dev/PebbleSDK-3.0/Pebble/aplite/lib/libpebble.a(tmpepMa8Kpebble.o)
 .text.simple_menu_layer_destroy
                0x0000000000000000        0xc /Users/Chris/pebble-dev/PebbleSDK-3.0/Pebble/aplite/lib/libpebble.a(tmpepMa8Kpebble.o)
 .text.simple_menu_layer_get_layer
                0x0000000000000000        0xc /Users/Chris/pebble-dev/PebbleSDK-3.0/Pebble/aplite/lib/libpebble.a(tmpepMa8Kpebble.o)
 .text.simple_menu_layer_get_selected_index
                0x0000000000000000        0xc /Users/Chris/pebble-dev/PebbleSDK-3.0/Pebble/aplite/lib/libpebble.a(tmpepMa8Kpebble.o)
 .text.simple_menu_layer_set_selected_index
                0x0000000000000000        0xc /Users/Chris/pebble-dev/PebbleSDK-3.0/Pebble/aplite/lib/libpebble.a(tmpepMa8Kpebble.o)
 .text.sin_lookup
                0x0000000000000000        0xc /Users/Chris/pebble-dev/PebbleSDK-3.0/Pebble/aplite/lib/libpebble.a(tmpepMa8Kpebble.o)
 .text.srand    0x0000000000000000        0xc /Users/Chris/pebble-dev/PebbleSDK-3.0/Pebble/aplite/lib/libpebble.a(tmpepMa8Kpebble.o)
 .text.strcat   0x0000000000000000        0xc /Users/Chris/pebble-dev/PebbleSDK-3.0/Pebble/aplite/lib/libpebble.a(tmpepMa8Kpebble.o)
 .text.strcmp   0x0000000000000000        0xc /Users/Chris/pebble-dev/PebbleSDK-3.0/Pebble/aplite/lib/libpebble.a(tmpepMa8Kpebble.o)
 .text.strftime
                0x0000000000000000        0xc /Users/Chris/pebble-dev/PebbleSDK-3.0/Pebble/aplite/lib/libpebble.a(tmpepMa8Kpebble.o)
 .text.strlen   0x0000000000000000        0xc /Users/Chris/pebble-dev/PebbleSDK-3.0/Pebble/aplite/lib/libpebble.a(tmpepMa8Kpebble.o)
 .text.strncat  0x0000000000000000        0xc /Users/Chris/pebble-dev/PebbleSDK-3.0/Pebble/aplite/lib/libpebble.a(tmpepMa8Kpebble.o)
 .text.strncmp  0x0000000000000000        0xc /Users/Chris/pebble-dev/PebbleSDK-3.0/Pebble/aplite/lib/libpebble.a(tmpepMa8Kpebble.o)
 .text.text_layer_get_content_size
                0x0000000000000000        0xc /Users/Chris/pebble-dev/PebbleSDK-3.0/Pebble/aplite/lib/libpebble.a(tmpepMa8Kpebble.o)
 .text.text_layer_get_text
                0x0000000000000000        0xc /Users/Chris/pebble-dev/PebbleSDK-3.0/Pebble/aplite/lib/libpebble.a(tmpepMa8Kpebble.o)
 .text.text_layer_set_overflow_mode
                0x0000000000000000        0xc /Users/Chris/pebble-dev/PebbleSDK-3.0/Pebble/aplite/lib/libpebble.a(tmpepMa8Kpebble.o)
 .text.text_layer_set_size
                0x0000000000000000        0xc /Users/Chris/pebble-dev/PebbleSDK-3.0/Pebble/aplite/lib/libpebble.a(tmpepMa8Kpebble.o)
 .text.tick_timer_service_subscribe
                0x0000000000000000        0xc /Users/Chris/pebble-dev/PebbleSDK-3.0/Pebble/aplite/lib/libpebble.a(tmpepMa8Kpebble.o)
 .text.tick_timer_service_unsubscribe
                0x0000000000000000        0xc /Users/Chris/pebble-dev/PebbleSDK-3.0/Pebble/aplite/lib/libpebble.a(tmpepMa8Kpebble.o)
 .text.time     0x0000000000000000        0xc /Users/Chris/pebble-dev/PebbleSDK-3.0/Pebble/aplite/lib/libpebble.a(tmpepMa8Kpebble.o)
 .text.time_ms  0x0000000000000000        0xc /Users/Chris/pebble-dev/PebbleSDK-3.0/Pebble/aplite/lib/libpebble.a(tmpepMa8Kpebble.o)
 .text.vibes_cancel
                0x0000000000000000        0xc /Users/Chris/pebble-dev/PebbleSDK-3.0/Pebble/aplite/lib/libpebble.a(tmpepMa8Kpebble.o)
 .text.vibes_enqueue_custom_pattern
                0x0000000000000000        0xc /Users/Chris/pebble-dev/PebbleSDK-3.0/Pebble/aplite/lib/libpebble.a(tmpepMa8Kpebble.o)
 .text.vibes_long_pulse
                0x0000000000000000        0xc /Users/Chris/pebble-dev/PebbleSDK-3.0/Pebble/aplite/lib/libpebble.a(tmpepMa8Kpebble.o)
 .text.vibes_short_pulse
                0x0000000000000000        0xc /Users/Chris/pebble-dev/PebbleSDK-3.0/Pebble/aplite/lib/libpebble.a(tmpepMa8Kpebble.o)
 .text.window_get_click_config_provider
                0x0000000000000000        0xc /Users/Chris/pebble-dev/PebbleSDK-3.0/Pebble/aplite/lib/libpebble.a(tmpepMa8Kpebble.o)
 .text.window_get_fullscreen
                0x0000000000000000        0xc /Users/Chris/pebble-dev/PebbleSDK-3.0/Pebble/aplite/lib/libpebble.a(tmpepMa8Kpebble.o)
 .text.window_is_loaded
                0x0000000000000000        0xc /Users/Chris/pebble-dev/PebbleSDK-3.0/Pebble/aplite/lib/libpebble.a(tmpepMa8Kpebble.o)
 .text.window_set_background_color
                0x0000000000000000        0xc /Users/Chris/pebble-dev/PebbleSDK-3.0/Pebble/aplite/lib/libpebble.a(tmpepMa8Kpebble.o)
 .text.window_set_click_config_provider_with_context
                0x0000000000000000        0xc /Users/Chris/pebble-dev/PebbleSDK-3.0/Pebble/aplite/lib/libpebble.a(tmpepMa8Kpebble.o)
 .text.window_set_fullscreen
                0x0000000000000000        0xc /Users/Chris/pebble-dev/PebbleSDK-3.0/Pebble/aplite/lib/libpebble.a(tmpepMa8Kpebble.o)
 .text.window_set_status_bar_icon
                0x0000000000000000        0xc /Users/Chris/pebble-dev/PebbleSDK-3.0/Pebble/aplite/lib/libpebble.a(tmpepMa8Kpebble.o)
 .text.window_stack_contains_window
                0x0000000000000000        0xc /Users/Chris/pebble-dev/PebbleSDK-3.0/Pebble/aplite/lib/libpebble.a(tmpepMa8Kpebble.o)
 .text.window_stack_get_top_window
                0x0000000000000000        0xc /Users/Chris/pebble-dev/PebbleSDK-3.0/Pebble/aplite/lib/libpebble.a(tmpepMa8Kpebble.o)
 .text.window_stack_pop
                0x0000000000000000        0xc /Users/Chris/pebble-dev/PebbleSDK-3.0/Pebble/aplite/lib/libpebble.a(tmpepMa8Kpebble.o)
 .text.app_focus_service_subscribe
                0x0000000000000000        0xc /Users/Chris/pebble-dev/PebbleSDK-3.0/Pebble/aplite/lib/libpebble.a(tmpepMa8Kpebble.o)
 .text.app_focus_service_unsubscribe
                0x0000000000000000        0xc /Users/Chris/pebble-dev/PebbleSDK-3.0/Pebble/aplite/lib/libpebble.a(tmpepMa8Kpebble.o)
 .text.window_get_user_data
                0x0000000000000000        0xc /Users/Chris/pebble-dev/PebbleSDK-3.0/Pebble/aplite/lib/libpebble.a(tmpepMa8Kpebble.o)
 .text.window_set_user_data
                0x0000000000000000        0xc /Users/Chris/pebble-dev/PebbleSDK-3.0/Pebble/aplite/lib/libpebble.a(tmpepMa8Kpebble.o)
 .text.app_message_get_context
                0x0000000000000000        0xc /Users/Chris/pebble-dev/PebbleSDK-3.0/Pebble/aplite/lib/libpebble.a(tmpepMa8Kpebble.o)
 .text.app_message_register_inbox_received
                0x0000000000000000        0xc /Users/Chris/pebble-dev/PebbleSDK-3.0/Pebble/aplite/lib/libpebble.a(tmpepMa8Kpebble.o)
 .text.app_message_set_context
                0x0000000000000000        0xc /Users/Chris/pebble-dev/PebbleSDK-3.0/Pebble/aplite/lib/libpebble.a(tmpepMa8Kpebble.o)
 .text.window_long_click_subscribe
                0x0000000000000000        0xc /Users/Chris/pebble-dev/PebbleSDK-3.0/Pebble/aplite/lib/libpebble.a(tmpepMa8Kpebble.o)
 .text.window_multi_click_subscribe
                0x0000000000000000        0xc /Users/Chris/pebble-dev/PebbleSDK-3.0/Pebble/aplite/lib/libpebble.a(tmpepMa8Kpebble.o)
 .text.window_raw_click_subscribe
                0x0000000000000000        0xc /Users/Chris/pebble-dev/PebbleSDK-3.0/Pebble/aplite/lib/libpebble.a(tmpepMa8Kpebble.o)
 .text.window_set_click_context
                0x0000000000000000        0xc /Users/Chris/pebble-dev/PebbleSDK-3.0/Pebble/aplite/lib/libpebble.a(tmpepMa8Kpebble.o)
 .text.window_single_repeating_click_subscribe
                0x0000000000000000        0xc /Users/Chris/pebble-dev/PebbleSDK-3.0/Pebble/aplite/lib/libpebble.a(tmpepMa8Kpebble.o)
 .text.graphics_draw_text
                0x0000000000000000        0xc /Users/Chris/pebble-dev/PebbleSDK-3.0/Pebble/aplite/lib/libpebble.a(tmpepMa8Kpebble.o)
 .text.dict_serialize_tuplets_to_buffer
                0x0000000000000000        0xc /Users/Chris/pebble-dev/PebbleSDK-3.0/Pebble/aplite/lib/libpebble.a(tmpepMa8Kpebble.o)
 .text.persist_read_data
                0x0000000000000000        0xc /Users/Chris/pebble-dev/PebbleSDK-3.0/Pebble/aplite/lib/libpebble.a(tmpepMa8Kpebble.o)
 .text.persist_write_data
                0x0000000000000000        0xc /Users/Chris/pebble-dev/PebbleSDK-3.0/Pebble/aplite/lib/libpebble.a(tmpepMa8Kpebble.o)
 .text.dict_size
                0x0000000000000000        0xc /Users/Chris/pebble-dev/PebbleSDK-3.0/Pebble/aplite/lib/libpebble.a(tmpepMa8Kpebble.o)
 .text.graphics_text_layout_get_content_size
                0x0000000000000000        0xc /Users/Chris/pebble-dev/PebbleSDK-3.0/Pebble/aplite/lib/libpebble.a(tmpepMa8Kpebble.o)
 .text.simple_menu_layer_get_menu_layer
                0x0000000000000000        0xc /Users/Chris/pebble-dev/PebbleSDK-3.0/Pebble/aplite/lib/libpebble.a(tmpepMa8Kpebble.o)
 .text.accel_data_service_subscribe
                0x0000000000000000        0xc /Users/Chris/pebble-dev/PebbleSDK-3.0/Pebble/aplite/lib/libpebble.a(tmpepMa8Kpebble.o)
 .text.calloc   0x0000000000000000        0xc /Users/Chris/pebble-dev/PebbleSDK-3.0/Pebble/aplite/lib/libpebble.a(tmpepMa8Kpebble.o)
 .text.bitmap_layer_get_bitmap
                0x0000000000000000        0xc /Users/Chris/pebble-dev/PebbleSDK-3.0/Pebble/aplite/lib/libpebble.a(tmpepMa8Kpebble.o)
 .text.window_get_click_config_context
                0x0000000000000000        0xc /Users/Chris/pebble-dev/PebbleSDK-3.0/Pebble/aplite/lib/libpebble.a(tmpepMa8Kpebble.o)
 .text.number_window_get_window
                0x0000000000000000        0xc /Users/Chris/pebble-dev/PebbleSDK-3.0/Pebble/aplite/lib/libpebble.a(tmpepMa8Kpebble.o)
 .text.realloc  0x0000000000000000        0xc /Users/Chris/pebble-dev/PebbleSDK-3.0/Pebble/aplite/lib/libpebble.a(tmpepMa8Kpebble.o)
 .text.__gbitmap_create_blank
                0x0000000000000000        0xc /Users/Chris/pebble-dev/PebbleSDK-3.0/Pebble/aplite/lib/libpebble.a(tmpepMa8Kpebble.o)
 .text.click_recognizer_is_repeating
                0x0000000000000000        0xc /Users/Chris/pebble-dev/PebbleSDK-3.0/Pebble/aplite/lib/libpebble.a(tmpepMa8Kpebble.o)
 .text.accel_raw_data_service_subscribe
                0x0000000000000000        0xc /Users/Chris/pebble-dev/PebbleSDK-3.0/Pebble/aplite/lib/libpebble.a(tmpepMa8Kpebble.o)
 .text.app_worker_is_running
                0x0000000000000000        0xc /Users/Chris/pebble-dev/PebbleSDK-3.0/Pebble/aplite/lib/libpebble.a(tmpepMa8Kpebble.o)
 .text.app_worker_kill
                0x0000000000000000        0xc /Users/Chris/pebble-dev/PebbleSDK-3.0/Pebble/aplite/lib/libpebble.a(tmpepMa8Kpebble.o)
 .text.app_worker_launch
                0x0000000000000000        0xc /Users/Chris/pebble-dev/PebbleSDK-3.0/Pebble/aplite/lib/libpebble.a(tmpepMa8Kpebble.o)
 .text.app_worker_message_subscribe
                0x0000000000000000        0xc /Users/Chris/pebble-dev/PebbleSDK-3.0/Pebble/aplite/lib/libpebble.a(tmpepMa8Kpebble.o)
 .text.app_worker_message_unsubscribe
                0x0000000000000000        0xc /Users/Chris/pebble-dev/PebbleSDK-3.0/Pebble/aplite/lib/libpebble.a(tmpepMa8Kpebble.o)
 .text.app_worker_send_message
                0x0000000000000000        0xc /Users/Chris/pebble-dev/PebbleSDK-3.0/Pebble/aplite/lib/libpebble.a(tmpepMa8Kpebble.o)
 .text.worker_event_loop
                0x0000000000000000        0xc /Users/Chris/pebble-dev/PebbleSDK-3.0/Pebble/aplite/lib/libpebble.a(tmpepMa8Kpebble.o)
 .text.worker_launch_app
                0x0000000000000000        0xc /Users/Chris/pebble-dev/PebbleSDK-3.0/Pebble/aplite/lib/libpebble.a(tmpepMa8Kpebble.o)
 .text.heap_bytes_free
                0x0000000000000000        0xc /Users/Chris/pebble-dev/PebbleSDK-3.0/Pebble/aplite/lib/libpebble.a(tmpepMa8Kpebble.o)
 .text.heap_bytes_used
                0x0000000000000000        0xc /Users/Chris/pebble-dev/PebbleSDK-3.0/Pebble/aplite/lib/libpebble.a(tmpepMa8Kpebble.o)
 .text.compass_service_peek
                0x0000000000000000        0xc /Users/Chris/pebble-dev/PebbleSDK-3.0/Pebble/aplite/lib/libpebble.a(tmpepMa8Kpebble.o)
 .text.compass_service_set_heading_filter
                0x0000000000000000        0xc /Users/Chris/pebble-dev/PebbleSDK-3.0/Pebble/aplite/lib/libpebble.a(tmpepMa8Kpebble.o)
 .text.compass_service_subscribe
                0x0000000000000000        0xc /Users/Chris/pebble-dev/PebbleSDK-3.0/Pebble/aplite/lib/libpebble.a(tmpepMa8Kpebble.o)
 .text.compass_service_unsubscribe
                0x0000000000000000        0xc /Users/Chris/pebble-dev/PebbleSDK-3.0/Pebble/aplite/lib/libpebble.a(tmpepMa8Kpebble.o)
 .text.uuid_equal
                0x0000000000000000        0xc /Users/Chris/pebble-dev/PebbleSDK-3.0/Pebble/aplite/lib/libpebble.a(tmpepMa8Kpebble.o)
 .text.uuid_to_string
                0x0000000000000000        0xc /Users/Chris/pebble-dev/PebbleSDK-3.0/Pebble/aplite/lib/libpebble.a(tmpepMa8Kpebble.o)
 .text.gpath_draw_filled
                0x0000000000000000        0xc /Users/Chris/pebble-dev/PebbleSDK-3.0/Pebble/aplite/lib/libpebble.a(tmpepMa8Kpebble.o)
 .text.animation_set_custom_curve
                0x0000000000000000        0xc /Users/Chris/pebble-dev/PebbleSDK-3.0/Pebble/aplite/lib/libpebble.a(tmpepMa8Kpebble.o)
 .text.watch_info_get_color
                0x0000000000000000        0xc /Users/Chris/pebble-dev/PebbleSDK-3.0/Pebble/aplite/lib/libpebble.a(tmpepMa8Kpebble.o)
 .text.watch_info_get_firmware_version
                0x0000000000000000        0xc /Users/Chris/pebble-dev/PebbleSDK-3.0/Pebble/aplite/lib/libpebble.a(tmpepMa8Kpebble.o)
 .text.watch_info_get_model
                0x0000000000000000        0xc /Users/Chris/pebble-dev/PebbleSDK-3.0/Pebble/aplite/lib/libpebble.a(tmpepMa8Kpebble.o)
 .text.graphics_capture_frame_buffer
                0x0000000000000000        0xc /Users/Chris/pebble-dev/PebbleSDK-3.0/Pebble/aplite/lib/libpebble.a(tmpepMa8Kpebble.o)
 .text.graphics_frame_buffer_is_captured
                0x0000000000000000        0xc /Users/Chris/pebble-dev/PebbleSDK-3.0/Pebble/aplite/lib/libpebble.a(tmpepMa8Kpebble.o)
 .text.graphics_release_frame_buffer
                0x0000000000000000        0xc /Users/Chris/pebble-dev/PebbleSDK-3.0/Pebble/aplite/lib/libpebble.a(tmpepMa8Kpebble.o)
 .text.clock_to_timestamp
                0x0000000000000000        0xc /Users/Chris/pebble-dev/PebbleSDK-3.0/Pebble/aplite/lib/libpebble.a(tmpepMa8Kpebble.o)
 .text.launch_reason
                0x0000000000000000        0xc /Users/Chris/pebble-dev/PebbleSDK-3.0/Pebble/aplite/lib/libpebble.a(tmpepMa8Kpebble.o)
 .text.wakeup_cancel
                0x0000000000000000        0xc /Users/Chris/pebble-dev/PebbleSDK-3.0/Pebble/aplite/lib/libpebble.a(tmpepMa8Kpebble.o)
 .text.wakeup_cancel_all
                0x0000000000000000        0xc /Users/Chris/pebble-dev/PebbleSDK-3.0/Pebble/aplite/lib/libpebble.a(tmpepMa8Kpebble.o)
 .text.wakeup_get_launch_event
                0x0000000000000000        0xc /Users/Chris/pebble-dev/PebbleSDK-3.0/Pebble/aplite/lib/libpebble.a(tmpepMa8Kpebble.o)
 .text.wakeup_query
                0x0000000000000000        0xc /Users/Chris/pebble-dev/PebbleSDK-3.0/Pebble/aplite/lib/libpebble.a(tmpepMa8Kpebble.o)
 .text.wakeup_schedule
                0x0000000000000000        0xc /Users/Chris/pebble-dev/PebbleSDK-3.0/Pebble/aplite/lib/libpebble.a(tmpepMa8Kpebble.o)
 .text.wakeup_service_subscribe
                0x0000000000000000        0xc /Users/Chris/pebble-dev/PebbleSDK-3.0/Pebble/aplite/lib/libpebble.a(tmpepMa8Kpebble.o)
 .text.clock_is_timezone_set
                0x0000000000000000        0xc /Users/Chris/pebble-dev/PebbleSDK-3.0/Pebble/aplite/lib/libpebble.a(tmpepMa8Kpebble.o)
 .text.i18n_get_system_locale
                0x0000000000000000        0xc /Users/Chris/pebble-dev/PebbleSDK-3.0/Pebble/aplite/lib/libpebble.a(tmpepMa8Kpebble.o)
 .text._localeconv_r
                0x0000000000000000        0xc /Users/Chris/pebble-dev/PebbleSDK-3.0/Pebble/aplite/lib/libpebble.a(tmpepMa8Kpebble.o)
 .text.setlocale
                0x0000000000000000        0xc /Users/Chris/pebble-dev/PebbleSDK-3.0/Pebble/aplite/lib/libpebble.a(tmpepMa8Kpebble.o)
 .text.mktime   0x0000000000000000        0xc /Users/Chris/pebble-dev/PebbleSDK-3.0/Pebble/aplite/lib/libpebble.a(tmpepMa8Kpebble.o)
 .bss           0x0000000000000000        0x0 /Users/Chris/pebble-dev/PebbleSDK-3.0/arm-cs-tools/bin/../lib/gcc/arm-none-eabi/4.7.2/thumb2/libgcc.a(_arm_addsubdf3.o)
 .bss           0x0000000000000000        0x0 /Users/Chris/pebble-dev/PebbleSDK-3.0/arm-cs-tools/bin/../lib/gcc/arm-none-eabi/4.7.2/thumb2/libgcc.a(_arm_muldivdf3.o)
 .bss           0x0000000000000000        0x0 /Users/Chris/pebble-dev/PebbleSDK-3.0/arm-cs-tools/bin/../lib/gcc/arm-none-eabi/4.7.2/thumb2/libgcc.a(_arm_cmpdf2.o)
 .bss           0x0000000000000000        0x0 /Users/Chris/pebble-dev/PebbleSDK-3.0/arm-cs-tools/bin/../lib/gcc/arm-none-eabi/4.7.2/thumb2/libgcc.a(_arm_fixdfsi.o)
 .text          0x0000000000000000        0x0 /Users/Chris/pebble-dev/PebbleSDK-3.0/arm-cs-tools/bin/../lib/gcc/arm-none-eabi/4.7.2/thumb2/crtend.o
 .bss           0x0000000000000000        0x0 /Users/Chris/pebble-dev/PebbleSDK-3.0/arm-cs-tools/bin/../lib/gcc/arm-none-eabi/4.7.2/thumb2/crtend.o
 .eh_frame      0x0000000000000000        0x4 /Users/Chris/pebble-dev/PebbleSDK-3.0/arm-cs-tools/bin/../lib/gcc/arm-none-eabi/4.7.2/thumb2/crtend.o
 .jcr           0x0000000000000000        0x4 /Users/Chris/pebble-dev/PebbleSDK-3.0/arm-cs-tools/bin/../lib/gcc/arm-none-eabi/4.7.2/thumb2/crtend.o
 .tm_clone_table
                0x0000000000000000        0x0 /Users/Chris/pebble-dev/PebbleSDK-3.0/arm-cs-tools/bin/../lib/gcc/arm-none-eabi/4.7.2/thumb2/crtend.o
 .text          0x0000000000000000        0x0 /Users/Chris/pebble-dev/PebbleSDK-3.0/arm-cs-tools/bin/../lib/gcc/arm-none-eabi/4.7.2/thumb2/crtn.o
 .bss           0x0000000000000000        0x0 /Users/Chris/pebble-dev/PebbleSDK-3.0/arm-cs-tools/bin/../lib/gcc/arm-none-eabi/4.7.2/thumb2/crtn.o
 .init          0x0000000000000000        0x8 /Users/Chris/pebble-dev/PebbleSDK-3.0/arm-cs-tools/bin/../lib/gcc/arm-none-eabi/4.7.2/thumb2/crtn.o
 .fini          0x0000000000000000        0x8 /Users/Chris/pebble-dev/PebbleSDK-3.0/arm-cs-tools/bin/../lib/gcc/arm-none-eabi/4.7.2/thumb2/crtn.o

Memory Configuration

Name             Origin             Length             Attributes
APP              0x0000000000000000 0x0000000000006000 xrw
*default*        0x0000000000000000 0xffffffffffffffff

Linker script and memory map

LOAD /Users/Chris/pebble-dev/PebbleSDK-3.0/arm-cs-tools/bin/../lib/gcc/arm-none-eabi/4.7.2/thumb2/crti.o
LOAD /Users/Chris/pebble-dev/PebbleSDK-3.0/arm-cs-tools/bin/../lib/gcc/arm-none-eabi/4.7.2/thumb2/crtbegin.o
LOAD src/main.c.24.o
LOAD aplite/appinfo.auto.c.24.o
LOAD /Users/Chris/pebble-dev/PebbleSDK-3.0/Pebble/aplite/lib/libpebble.a
START GROUP
LOAD /Users/Chris/pebble-dev/PebbleSDK-3.0/arm-cs-tools/bin/../lib/gcc/arm-none-eabi/4.7.2/thumb2/libgcc.a
LOAD /Users/Chris/pebble-dev/PebbleSDK-3.0/arm-cs-tools/bin/../lib/gcc/arm-none-eabi/4.7.2/../../../../arm-none-eabi/lib/thumb2/libc.a
END GROUP
LOAD /Users/Chris/pebble-dev/PebbleSDK-3.0/arm-cs-tools/bin/../lib/gcc/arm-none-eabi/4.7.2/thumb2/crtend.o
LOAD /Users/Chris/pebble-dev/PebbleSDK-3.0/arm-cs-tools/bin/../lib/gcc/arm-none-eabi/4.7.2/thumb2/crtn.o

.header         0x0000000000000000       0x82
 *(.pbl_header)
 .pbl_header    0x0000000000000000       0x82 aplite/appinfo.auto.c.24.o
                0x0000000000000000                __pbl_app_info

.note.gnu.build-id
                0x0000000000000082       0x26
                0x0000000000000082                PROVIDE (BUILD_ID, .)
 *(.note.gnu.build-id)
 *fill*         0x0000000000000082        0x2 
 .note.gnu.build-id
                0x0000000000000084       0x24 linker stubs

.text           0x00000000000000a8     0x2bea
 *(.text)
 .text          0x00000000000000a8       0x14 /Users/Chris/pebble-dev/PebbleSDK-3.0/Pebble/aplite/lib/libpebble.a(tmpepMa8Kpebble.o)
 .text          0x00000000000000bc      0x370 /Users/Chris/pebble-dev/PebbleSDK-3.0/arm-cs-tools/bin/../lib/gcc/arm-none-eabi/4.7.2/thumb2/libgcc.a(_arm_addsubdf3.o)
                0x00000000000000bc                __aeabi_drsub
                0x00000000000000c4                __subdf3
                0x00000000000000c4                __aeabi_dsub
                0x00000000000000c8                __aeabi_dadd
                0x00000000000000c8                __adddf3
                0x0000000000000340                __aeabi_ui2d
                0x0000000000000340                __floatunsidf
                0x0000000000000360                __floatsidf
                0x0000000000000360                __aeabi_i2d
                0x0000000000000384                __extendsfdf2
                0x0000000000000384                __aeabi_f2d
                0x00000000000003c0                __aeabi_ul2d
                0x00000000000003c0                __floatundidf
                0x00000000000003d0                __aeabi_l2d
                0x00000000000003d0                __floatdidf
 .text          0x000000000000042c      0x424 /Users/Chris/pebble-dev/PebbleSDK-3.0/arm-cs-tools/bin/../lib/gcc/arm-none-eabi/4.7.2/thumb2/libgcc.a(_arm_muldivdf3.o)
                0x000000000000042c                __aeabi_dmul
                0x000000000000042c                __muldf3
                0x0000000000000680                __aeabi_ddiv
                0x0000000000000680                __divdf3
 .text          0x0000000000000850      0x110 /Users/Chris/pebble-dev/PebbleSDK-3.0/arm-cs-tools/bin/../lib/gcc/arm-none-eabi/4.7.2/thumb2/libgcc.a(_arm_cmpdf2.o)
                0x0000000000000850                __gtdf2
                0x0000000000000850                __gedf2
                0x0000000000000858                __ltdf2
                0x0000000000000858                __ledf2
                0x0000000000000860                __eqdf2
                0x0000000000000860                __nedf2
                0x0000000000000860                __cmpdf2
                0x00000000000008dc                __aeabi_cdrcmple
                0x00000000000008ec                __aeabi_cdcmple
                0x00000000000008ec                __aeabi_cdcmpeq
                0x00000000000008fc                __aeabi_dcmpeq
                0x0000000000000910                __aeabi_dcmplt
                0x0000000000000924                __aeabi_dcmple
                0x0000000000000938                __aeabi_dcmpge
                0x000000000000094c                __aeabi_dcmpgt
 .text          0x0000000000000960       0x50 /Users/Chris/pebble-dev/PebbleSDK-3.0/arm-cs-tools/bin/../lib/gcc/arm-none-eabi/4.7.2/thumb2/libgcc.a(_arm_fixdfsi.o)
                0x0000000000000960                __fixdfsi
                0x0000000000000960                __aeabi_d2iz
 *(.text.*)
 .text.menu_get_num_rows_callback
                0x00000000000009b0        0xa src/main.c.24.o
 .text.order_menu_get_num_sections_callback
                0x00000000000009ba        0x4 src/main.c.24.o
 .text.order_menu_get_header_height_callback
                0x00000000000009be        0x4 src/main.c.24.o
 *fill*         0x00000000000009c2        0x2 
 .text.order_menu_get_num_rows_callback
                0x00000000000009c4       0x14 src/main.c.24.o
 .text.drink_menu_get_num_rows_callback
                0x00000000000009d8        0xa src/main.c.24.o
 .text.confirmation_menu_get_num_rows_callback
                0x00000000000009e2        0xa src/main.c.24.o
 .text.outbox_sent_callback
                0x00000000000009ec       0x18 src/main.c.24.o
 .text.outbox_failed_callback
                0x0000000000000a04       0x18 src/main.c.24.o
 .text.inbox_dropped_callback
                0x0000000000000a1c       0x18 src/main.c.24.o
 .text.order_submitted_unload
                0x0000000000000a34       0x10 src/main.c.24.o
 .text.balance_window_unload
                0x0000000000000a44       0x10 src/main.c.24.o
 .text.name_window_unload
                0x0000000000000a54       0x4c src/main.c.24.o
 .text.map_window_unload
                0x0000000000000aa0       0x24 src/main.c.24.o
 .text.map_window_load
                0x0000000000000ac4       0x54 src/main.c.24.o
 .text.down_click_handler
                0x0000000000000b18       0xf4 src/main.c.24.o
 .text.up_click_handler
                0x0000000000000c0c      0x100 src/main.c.24.o
 .text.name_window_load
                0x0000000000000d0c      0x1f4 src/main.c.24.o
 .text.order_submitted_load
                0x0000000000000f00       0x98 src/main.c.24.o
 .text.click_config_provider
                0x0000000000000f98       0x40 src/main.c.24.o
 .text.submitted_click_config_provider
                0x0000000000000fd8       0x24 src/main.c.24.o
 .text.back_click_handler
                0x0000000000000ffc       0xe0 src/main.c.24.o
 .text.select_click_handler
                0x00000000000010dc      0x154 src/main.c.24.o
 .text.balance_window_load
                0x0000000000001230      0x100 src/main.c.24.o
 .text.drink_window_unload
                0x0000000000001330       0x24 src/main.c.24.o
 .text.confirmation_window_unload
                0x0000000000001354       0x24 src/main.c.24.o
 .text.order_window_unload
                0x0000000000001378       0x10 src/main.c.24.o
 .text.main_window_unload
                0x0000000000001388       0x24 src/main.c.24.o
 .text.drink_window_load
                0x00000000000013ac       0xfc src/main.c.24.o
 .text.confirmation_window_load
                0x00000000000014a8       0xf4 src/main.c.24.o
 .text.order_window_load
                0x000000000000159c       0xb0 src/main.c.24.o
 .text.main_window_load
                0x000000000000164c       0xfc src/main.c.24.o
 .text.drink_menu_select_callback
                0x0000000000001748      0x108 src/main.c.24.o
 .text.order_menu_select_callback
                0x0000000000001850      0x308 src/main.c.24.o
 .text.order_menu_draw_row_callback
                0x0000000000001b58       0xec src/main.c.24.o
 .text.submitted_select_click_handler
                0x0000000000001c44       0x5c src/main.c.24.o
 .text.submitted_back_click_handler
                0x0000000000001ca0       0x1c src/main.c.24.o
 .text.send_order
                0x0000000000001cbc      0x120 src/main.c.24.o
 .text.confirmation_menu_select_callback
                0x0000000000001ddc      0x268 src/main.c.24.o
 .text.order_menu_draw_header_callback
                0x0000000000002044       0x20 src/main.c.24.o
 .text.menu_select_callback
                0x0000000000002064       0x88 src/main.c.24.o
 .text.drink_menu_draw_row_callback
                0x00000000000020ec       0x3c src/main.c.24.o
 .text.confirmation_menu_draw_row_callback
                0x0000000000002128       0x2c src/main.c.24.o
 .text.menu_draw_row_callback
                0x0000000000002154       0x70 src/main.c.24.o
 .text.startup.main
                0x00000000000021c4      0x420 src/main.c.24.o
                0x00000000000021c4                main
 .text.app_event_loop
                0x00000000000025e4        0xc /Users/Chris/pebble-dev/PebbleSDK-3.0/Pebble/aplite/lib/libpebble.a(tmpepMa8Kpebble.o)
                0x00000000000025e4                app_event_loop
 .text.app_log  0x00000000000025f0        0xc /Users/Chris/pebble-dev/PebbleSDK-3.0/Pebble/aplite/lib/libpebble.a(tmpepMa8Kpebble.o)
                0x00000000000025f0                app_log
 .text.app_message_open
                0x00000000000025fc        0xc /Users/Chris/pebble-dev/PebbleSDK-3.0/Pebble/aplite/lib/libpebble.a(tmpepMa8Kpebble.o)
                0x00000000000025fc                app_message_open
 .text.bitmap_layer_create
                0x0000000000002608        0xc /Users/Chris/pebble-dev/PebbleSDK-3.0/Pebble/aplite/lib/libpebble.a(tmpepMa8Kpebble.o)
                0x0000000000002608                bitmap_layer_create
 .text.bitmap_layer_destroy
                0x0000000000002614        0xc /Users/Chris/pebble-dev/PebbleSDK-3.0/Pebble/aplite/lib/libpebble.a(tmpepMa8Kpebble.o)
                0x0000000000002614                bitmap_layer_destroy
 .text.bitmap_layer_get_layer
                0x0000000000002620        0xc /Users/Chris/pebble-dev/PebbleSDK-3.0/Pebble/aplite/lib/libpebble.a(tmpepMa8Kpebble.o)
                0x0000000000002620                bitmap_layer_get_layer
 .text.bitmap_layer_set_bitmap
                0x000000000000262c        0xc /Users/Chris/pebble-dev/PebbleSDK-3.0/Pebble/aplite/lib/libpebble.a(tmpepMa8Kpebble.o)
                0x000000000000262c                bitmap_layer_set_bitmap
 .text.dict_write_cstring
                0x0000000000002638        0xc /Users/Chris/pebble-dev/PebbleSDK-3.0/Pebble/aplite/lib/libpebble.a(tmpepMa8Kpebble.o)
                0x0000000000002638                dict_write_cstring
 .text.dict_write_end
                0x0000000000002644        0xc /Users/Chris/pebble-dev/PebbleSDK-3.0/Pebble/aplite/lib/libpebble.a(tmpepMa8Kpebble.o)
                0x0000000000002644                dict_write_end
 .text.fonts_get_system_font
                0x0000000000002650        0xc /Users/Chris/pebble-dev/PebbleSDK-3.0/Pebble/aplite/lib/libpebble.a(tmpepMa8Kpebble.o)
                0x0000000000002650                fonts_get_system_font
 .text.gbitmap_create_with_resource
                0x000000000000265c        0xc /Users/Chris/pebble-dev/PebbleSDK-3.0/Pebble/aplite/lib/libpebble.a(tmpepMa8Kpebble.o)
                0x000000000000265c                gbitmap_create_with_resource
 .text.gbitmap_destroy
                0x0000000000002668        0xc /Users/Chris/pebble-dev/PebbleSDK-3.0/Pebble/aplite/lib/libpebble.a(tmpepMa8Kpebble.o)
                0x0000000000002668                gbitmap_destroy
 .text.layer_add_child
                0x0000000000002674        0xc /Users/Chris/pebble-dev/PebbleSDK-3.0/Pebble/aplite/lib/libpebble.a(tmpepMa8Kpebble.o)
                0x0000000000002674                layer_add_child
 .text.memset   0x0000000000002680        0xc /Users/Chris/pebble-dev/PebbleSDK-3.0/Pebble/aplite/lib/libpebble.a(tmpepMa8Kpebble.o)
                0x0000000000002680                memset
 .text.menu_cell_basic_draw
                0x000000000000268c        0xc /Users/Chris/pebble-dev/PebbleSDK-3.0/Pebble/aplite/lib/libpebble.a(tmpepMa8Kpebble.o)
                0x000000000000268c                menu_cell_basic_draw
 .text.menu_cell_basic_header_draw
                0x0000000000002698        0xc /Users/Chris/pebble-dev/PebbleSDK-3.0/Pebble/aplite/lib/libpebble.a(tmpepMa8Kpebble.o)
                0x0000000000002698                menu_cell_basic_header_draw
 .text.menu_layer_create
                0x00000000000026a4        0xc /Users/Chris/pebble-dev/PebbleSDK-3.0/Pebble/aplite/lib/libpebble.a(tmpepMa8Kpebble.o)
                0x00000000000026a4                menu_layer_create
 .text.menu_layer_destroy
                0x00000000000026b0        0xc /Users/Chris/pebble-dev/PebbleSDK-3.0/Pebble/aplite/lib/libpebble.a(tmpepMa8Kpebble.o)
                0x00000000000026b0                menu_layer_destroy
 .text.menu_layer_get_layer
                0x00000000000026bc        0xc /Users/Chris/pebble-dev/PebbleSDK-3.0/Pebble/aplite/lib/libpebble.a(tmpepMa8Kpebble.o)
                0x00000000000026bc                menu_layer_get_layer
 .text.menu_layer_set_click_config_onto_window
                0x00000000000026c8        0xc /Users/Chris/pebble-dev/PebbleSDK-3.0/Pebble/aplite/lib/libpebble.a(tmpepMa8Kpebble.o)
                0x00000000000026c8                menu_layer_set_click_config_onto_window
 .text.persist_exists
                0x00000000000026d4        0xc /Users/Chris/pebble-dev/PebbleSDK-3.0/Pebble/aplite/lib/libpebble.a(tmpepMa8Kpebble.o)
                0x00000000000026d4                persist_exists
 .text.persist_read_int
                0x00000000000026e0        0xc /Users/Chris/pebble-dev/PebbleSDK-3.0/Pebble/aplite/lib/libpebble.a(tmpepMa8Kpebble.o)
                0x00000000000026e0                persist_read_int
 .text.persist_write_int
                0x00000000000026ec        0xc /Users/Chris/pebble-dev/PebbleSDK-3.0/Pebble/aplite/lib/libpebble.a(tmpepMa8Kpebble.o)
                0x00000000000026ec                persist_write_int
 .text.persist_write_string
                0x00000000000026f8        0xc /Users/Chris/pebble-dev/PebbleSDK-3.0/Pebble/aplite/lib/libpebble.a(tmpepMa8Kpebble.o)
                0x00000000000026f8                persist_write_string
 .text.psleep   0x0000000000002704        0xc /Users/Chris/pebble-dev/PebbleSDK-3.0/Pebble/aplite/lib/libpebble.a(tmpepMa8Kpebble.o)
                0x0000000000002704                psleep
 .text.snprintf
                0x0000000000002710        0xc /Users/Chris/pebble-dev/PebbleSDK-3.0/Pebble/aplite/lib/libpebble.a(tmpepMa8Kpebble.o)
                0x0000000000002710                snprintf
 .text.strcpy   0x000000000000271c        0xc /Users/Chris/pebble-dev/PebbleSDK-3.0/Pebble/aplite/lib/libpebble.a(tmpepMa8Kpebble.o)
                0x000000000000271c                strcpy
 .text.strncpy  0x0000000000002728        0xc /Users/Chris/pebble-dev/PebbleSDK-3.0/Pebble/aplite/lib/libpebble.a(tmpepMa8Kpebble.o)
                0x0000000000002728                strncpy
 .text.text_layer_create
                0x0000000000002734        0xc /Users/Chris/pebble-dev/PebbleSDK-3.0/Pebble/aplite/lib/libpebble.a(tmpepMa8Kpebble.o)
                0x0000000000002734                text_layer_create
 .text.text_layer_destroy
                0x0000000000002740        0xc /Users/Chris/pebble-dev/PebbleSDK-3.0/Pebble/aplite/lib/libpebble.a(tmpepMa8Kpebble.o)
                0x0000000000002740                text_layer_destroy
 .text.text_layer_get_layer
                0x000000000000274c        0xc /Users/Chris/pebble-dev/PebbleSDK-3.0/Pebble/aplite/lib/libpebble.a(tmpepMa8Kpebble.o)
                0x000000000000274c                text_layer_get_layer
 .text.text_layer_set_background_color
                0x0000000000002758        0xc /Users/Chris/pebble-dev/PebbleSDK-3.0/Pebble/aplite/lib/libpebble.a(tmpepMa8Kpebble.o)
                0x0000000000002758                text_layer_set_background_color
 .text.text_layer_set_font
                0x0000000000002764        0xc /Users/Chris/pebble-dev/PebbleSDK-3.0/Pebble/aplite/lib/libpebble.a(tmpepMa8Kpebble.o)
                0x0000000000002764                text_layer_set_font
 .text.text_layer_set_text
                0x0000000000002770        0xc /Users/Chris/pebble-dev/PebbleSDK-3.0/Pebble/aplite/lib/libpebble.a(tmpepMa8Kpebble.o)
                0x0000000000002770                text_layer_set_text
 .text.text_layer_set_text_alignment
                0x000000000000277c        0xc /Users/Chris/pebble-dev/PebbleSDK-3.0/Pebble/aplite/lib/libpebble.a(tmpepMa8Kpebble.o)
                0x000000000000277c                text_layer_set_text_alignment
 .text.text_layer_set_text_color
                0x0000000000002788        0xc /Users/Chris/pebble-dev/PebbleSDK-3.0/Pebble/aplite/lib/libpebble.a(tmpepMa8Kpebble.o)
                0x0000000000002788                text_layer_set_text_color
 .text.vibes_double_pulse
                0x0000000000002794        0xc /Users/Chris/pebble-dev/PebbleSDK-3.0/Pebble/aplite/lib/libpebble.a(tmpepMa8Kpebble.o)
                0x0000000000002794                vibes_double_pulse
 .text.window_create
                0x00000000000027a0        0xc /Users/Chris/pebble-dev/PebbleSDK-3.0/Pebble/aplite/lib/libpebble.a(tmpepMa8Kpebble.o)
                0x00000000000027a0                window_create
 .text.window_destroy
                0x00000000000027ac        0xc /Users/Chris/pebble-dev/PebbleSDK-3.0/Pebble/aplite/lib/libpebble.a(tmpepMa8Kpebble.o)
                0x00000000000027ac                window_destroy
 .text.window_get_root_layer
                0x00000000000027b8        0xc /Users/Chris/pebble-dev/PebbleSDK-3.0/Pebble/aplite/lib/libpebble.a(tmpepMa8Kpebble.o)
                0x00000000000027b8                window_get_root_layer
 .text.window_set_click_config_provider
                0x00000000000027c4        0xc /Users/Chris/pebble-dev/PebbleSDK-3.0/Pebble/aplite/lib/libpebble.a(tmpepMa8Kpebble.o)
                0x00000000000027c4                window_set_click_config_provider
 .text.window_set_window_handlers
                0x00000000000027d0        0xc /Users/Chris/pebble-dev/PebbleSDK-3.0/Pebble/aplite/lib/libpebble.a(tmpepMa8Kpebble.o)
                0x00000000000027d0                window_set_window_handlers
 .text.window_stack_pop_all
                0x00000000000027dc        0xc /Users/Chris/pebble-dev/PebbleSDK-3.0/Pebble/aplite/lib/libpebble.a(tmpepMa8Kpebble.o)
                0x00000000000027dc                window_stack_pop_all
 .text.window_stack_push
                0x00000000000027e8        0xc /Users/Chris/pebble-dev/PebbleSDK-3.0/Pebble/aplite/lib/libpebble.a(tmpepMa8Kpebble.o)
                0x00000000000027e8                window_stack_push
 .text.window_stack_remove
                0x00000000000027f4        0xc /Users/Chris/pebble-dev/PebbleSDK-3.0/Pebble/aplite/lib/libpebble.a(tmpepMa8Kpebble.o)
                0x00000000000027f4                window_stack_remove
 .text.app_message_inbox_size_maximum
                0x0000000000002800        0xc /Users/Chris/pebble-dev/PebbleSDK-3.0/Pebble/aplite/lib/libpebble.a(tmpepMa8Kpebble.o)
                0x0000000000002800                app_message_inbox_size_maximum
 .text.app_message_outbox_begin
                0x000000000000280c        0xc /Users/Chris/pebble-dev/PebbleSDK-3.0/Pebble/aplite/lib/libpebble.a(tmpepMa8Kpebble.o)
                0x000000000000280c                app_message_outbox_begin
 .text.app_message_outbox_send
                0x0000000000002818        0xc /Users/Chris/pebble-dev/PebbleSDK-3.0/Pebble/aplite/lib/libpebble.a(tmpepMa8Kpebble.o)
                0x0000000000002818                app_message_outbox_send
 .text.app_message_outbox_size_maximum
                0x0000000000002824        0xc /Users/Chris/pebble-dev/PebbleSDK-3.0/Pebble/aplite/lib/libpebble.a(tmpepMa8Kpebble.o)
                0x0000000000002824                app_message_outbox_size_maximum
 .text.app_message_register_inbox_dropped
                0x0000000000002830        0xc /Users/Chris/pebble-dev/PebbleSDK-3.0/Pebble/aplite/lib/libpebble.a(tmpepMa8Kpebble.o)
                0x0000000000002830                app_message_register_inbox_dropped
 .text.app_message_register_outbox_failed
                0x000000000000283c        0xc /Users/Chris/pebble-dev/PebbleSDK-3.0/Pebble/aplite/lib/libpebble.a(tmpepMa8Kpebble.o)
                0x000000000000283c                app_message_register_outbox_failed
 .text.app_message_register_outbox_sent
                0x0000000000002848        0xc /Users/Chris/pebble-dev/PebbleSDK-3.0/Pebble/aplite/lib/libpebble.a(tmpepMa8Kpebble.o)
                0x0000000000002848                app_message_register_outbox_sent
 .text.window_single_click_subscribe
                0x0000000000002854        0xc /Users/Chris/pebble-dev/PebbleSDK-3.0/Pebble/aplite/lib/libpebble.a(tmpepMa8Kpebble.o)
                0x0000000000002854                window_single_click_subscribe
 .text.persist_read_string
                0x0000000000002860        0xc /Users/Chris/pebble-dev/PebbleSDK-3.0/Pebble/aplite/lib/libpebble.a(tmpepMa8Kpebble.o)
                0x0000000000002860                persist_read_string
 .text.menu_layer_set_callbacks
                0x000000000000286c        0xc /Users/Chris/pebble-dev/PebbleSDK-3.0/Pebble/aplite/lib/libpebble.a(tmpepMa8Kpebble.o)
                0x000000000000286c                menu_layer_set_callbacks
 *(.rodata)
 .rodata        0x0000000000002878       0x60 src/main.c.24.o
 *(.rodata*)
 .rodata.alphabet_string
                0x00000000000028d8       0x1c src/main.c.24.o
                0x00000000000028d8                alphabet_string
 .rodata.str1.1
                0x00000000000028f4      0x39c src/main.c.24.o
                                        0x3bb (size before relaxing)
 .rodata.CSWTCH.193
                0x0000000000002c90        0x2 src/main.c.24.o

.glue_7         0x0000000000002c94        0x0
 .glue_7        0x0000000000000000        0x0 linker stubs

.glue_7t        0x0000000000002c94        0x0
 .glue_7t       0x0000000000000000        0x0 linker stubs

.vfp11_veneer   0x0000000000002c94        0x0
 .vfp11_veneer  0x0000000000000000        0x0 linker stubs

.v4_bx          0x0000000000002c94        0x0
 .v4_bx         0x0000000000000000        0x0 linker stubs

.iplt           0x0000000000002c94        0x0
 .iplt          0x0000000000000000        0x0 /Users/Chris/pebble-dev/PebbleSDK-3.0/arm-cs-tools/bin/../lib/gcc/arm-none-eabi/4.7.2/thumb2/crtbegin.o

.rel.dyn        0x0000000000002c94        0x0
 .rel.iplt      0x0000000000000000        0x0 /Users/Chris/pebble-dev/PebbleSDK-3.0/arm-cs-tools/bin/../lib/gcc/arm-none-eabi/4.7.2/thumb2/crtbegin.o
 .rel.got       0x0000000000000000        0x0 /Users/Chris/pebble-dev/PebbleSDK-3.0/arm-cs-tools/bin/../lib/gcc/arm-none-eabi/4.7.2/thumb2/crtbegin.o

.data           0x0000000000002c98       0x10
 *(.data)
 .data          0x0000000000002c98        0x0 /Users/Chris/pebble-dev/PebbleSDK-3.0/arm-cs-tools/bin/../lib/gcc/arm-none-eabi/4.7.2/thumb2/crti.o
 .data          0x0000000000002c98        0x4 /Users/Chris/pebble-dev/PebbleSDK-3.0/arm-cs-tools/bin/../lib/gcc/arm-none-eabi/4.7.2/thumb2/crtbegin.o
                0x0000000000002c98                __dso_handle
 .data          0x0000000000002c9c        0x0 src/main.c.24.o
 .data          0x0000000000002c9c        0x0 aplite/appinfo.auto.c.24.o
 .data          0x0000000000002c9c        0x0 /Users/Chris/pebble-dev/PebbleSDK-3.0/Pebble/aplite/lib/libpebble.a(tmpepMa8Kpebble.o)
 .data          0x0000000000002c9c        0x0 /Users/Chris/pebble-dev/PebbleSDK-3.0/arm-cs-tools/bin/../lib/gcc/arm-none-eabi/4.7.2/thumb2/libgcc.a(_arm_addsubdf3.o)
 .data          0x0000000000002c9c        0x0 /Users/Chris/pebble-dev/PebbleSDK-3.0/arm-cs-tools/bin/../lib/gcc/arm-none-eabi/4.7.2/thumb2/libgcc.a(_arm_muldivdf3.o)
 .data          0x0000000000002c9c        0x0 /Users/Chris/pebble-dev/PebbleSDK-3.0/arm-cs-tools/bin/../lib/gcc/arm-none-eabi/4.7.2/thumb2/libgcc.a(_arm_cmpdf2.o)
 .data          0x0000000000002c9c        0x0 /Users/Chris/pebble-dev/PebbleSDK-3.0/arm-cs-tools/bin/../lib/gcc/arm-none-eabi/4.7.2/thumb2/libgcc.a(_arm_fixdfsi.o)
 .data          0x0000000000002c9c        0x0 /Users/Chris/pebble-dev/PebbleSDK-3.0/arm-cs-tools/bin/../lib/gcc/arm-none-eabi/4.7.2/thumb2/crtend.o
 .data          0x0000000000002c9c        0x0 /Users/Chris/pebble-dev/PebbleSDK-3.0/arm-cs-tools/bin/../lib/gcc/arm-none-eabi/4.7.2/thumb2/crtn.o
 *(.data.*)
 *fill*         0x0000000000002c9c        0x4 
 .data.balance_total
                0x0000000000002ca0        0x8 src/main.c.24.o
                0x0000000000002ca0                balance_total

.igot.plt       0x0000000000002ca8        0x0
 .igot.plt      0x0000000000000000        0x0 /Users/Chris/pebble-dev/PebbleSDK-3.0/arm-cs-tools/bin/../lib/gcc/arm-none-eabi/4.7.2/thumb2/crtbegin.o

.got            0x0000000000002ca8       0x34
 .got           0x0000000000002ca8       0x34 /Users/Chris/pebble-dev/PebbleSDK-3.0/arm-cs-tools/bin/../lib/gcc/arm-none-eabi/4.7.2/thumb2/crtbegin.o

.got.plt        0x0000000000002cdc        0xc
 .got.plt       0x0000000000002cdc        0xc /Users/Chris/pebble-dev/PebbleSDK-3.0/arm-cs-tools/bin/../lib/gcc/arm-none-eabi/4.7.2/thumb2/crtbegin.o
                0x0000000000002cdc                _GLOBAL_OFFSET_TABLE_

.bss            0x0000000000002ce8      0x55b
 *(.bss)
 *(.bss.*)
 .bss.map_window
                0x0000000000002ce8        0x4 src/main.c.24.o
 .bss.name_bitmap1
                0x0000000000002cec        0x4 src/main.c.24.o
 .bss.confirmation_menu_layer
                0x0000000000002cf0        0x4 src/main.c.24.o
 .bss.order_window
                0x0000000000002cf4        0x4 src/main.c.24.o
 .bss.drink_specifics_window
                0x0000000000002cf8        0x4 src/main.c.24.o
 .bss.map_layer
                0x0000000000002cfc        0x4 src/main.c.24.o
 .bss.header_layer
                0x0000000000002d00        0x4 src/main.c.24.o
 .bss.map_bitmap
                0x0000000000002d04        0x4 src/main.c.24.o
 .bss.balance_window
                0x0000000000002d08        0x4 src/main.c.24.o
 .bss.confirmation_window
                0x0000000000002d0c        0x4 src/main.c.24.o
 .bss.main_menu_layer
                0x0000000000002d10        0x4 src/main.c.24.o
 .bss.name_window
                0x0000000000002d14        0x4 src/main.c.24.o
 .bss.letter_count_2
                0x0000000000002d18        0x4 src/main.c.24.o
                0x0000000000002d18                letter_count_2
 .bss.letter_count_3
                0x0000000000002d1c        0x4 src/main.c.24.o
                0x0000000000002d1c                letter_count_3
 .bss.confirmation_text_layer
                0x0000000000002d20        0x4 src/main.c.24.o
 .bss.name_bitmap_layer
                0x0000000000002d24        0x4 src/main.c.24.o
 .bss.name_text_layer_2
                0x0000000000002d28        0x4 src/main.c.24.o
 .bss.order_submitted_window
                0x0000000000002d2c        0x4 src/main.c.24.o
 .bss.balance_text_layer
                0x0000000000002d30        0x4 src/main.c.24.o
 .bss.drink_specifics_menu_layer
                0x0000000000002d34        0x4 src/main.c.24.o
 .bss.name_text_layer_3
                0x0000000000002d38        0x4 src/main.c.24.o
 .bss.name_text_layer_1
                0x0000000000002d3c        0x4 src/main.c.24.o
 .bss.letter_count_1
                0x0000000000002d40        0x4 src/main.c.24.o
                0x0000000000002d40                letter_count_1
 .bss.order_count
                0x0000000000002d44        0x4 src/main.c.24.o
                0x0000000000002d44                order_count
 .bss.drink_specifics_text_layer
                0x0000000000002d48        0x4 src/main.c.24.o
 .bss.select_count
                0x0000000000002d4c        0x4 src/main.c.24.o
                0x0000000000002d4c                select_count
 .bss.order_submitted_text_layer
                0x0000000000002d50        0x4 src/main.c.24.o
 .bss.order_menu_layer
                0x0000000000002d54        0x4 src/main.c.24.o
 .bss.main_window
                0x0000000000002d58        0x4 src/main.c.24.o
 *fill*         0x0000000000002d5c        0x4 
 COMMON         0x0000000000002d60      0x4e3 src/main.c.24.o
                0x0000000000002d60                order_dollars
                0x0000000000002d64                balance_buffer
                0x0000000000002dc8                temp
                0x0000000000002dd0                letter_buffer_2
                0x0000000000002dd4                balance_dollars
                0x0000000000002dd8                iterator
                0x0000000000002ddc                letter_buffer_3
                0x0000000000002ddd                order
                0x00000000000031c8                order_total
                0x00000000000031d0                order_total_buffer
                0x0000000000003234                balance_cents
                0x0000000000003238                letter_buffer_1
                0x000000000000323c                order_cents
                0x0000000000003240                name

DISCARD
 libc.a(*)
 libm.a(*)
 libgcc.a(*)
 *(.eh_frame)
OUTPUT(/Users/Chris/Documents/Non-School/Pebble/baribucks-master/build/aplite/pebble-app.elf elf32-littlearm)

.ARM.attributes
                0x0000000000000000       0x27
 .ARM.attributes
                0x0000000000000000       0x19 /Users/Chris/pebble-dev/PebbleSDK-3.0/arm-cs-tools/bin/../lib/gcc/arm-none-eabi/4.7.2/thumb2/crti.o
 .ARM.attributes
                0x0000000000000019       0x29 /Users/Chris/pebble-dev/PebbleSDK-3.0/arm-cs-tools/bin/../lib/gcc/arm-none-eabi/4.7.2/thumb2/crtbegin.o
 .ARM.attributes
                0x0000000000000042       0x33 src/main.c.24.o
 .ARM.attributes
                0x0000000000000075       0x33 aplite/appinfo.auto.c.24.o
 .ARM.attributes
                0x00000000000000a8       0x21 /Users/Chris/pebble-dev/PebbleSDK-3.0/Pebble/aplite/lib/libpebble.a(tmpepMa8Kpebble.o)
 .ARM.attributes
                0x00000000000000c9       0x19 /Users/Chris/pebble-dev/PebbleSDK-3.0/arm-cs-tools/bin/../lib/gcc/arm-none-eabi/4.7.2/thumb2/libgcc.a(_arm_addsubdf3.o)
 .ARM.attributes
                0x00000000000000e2       0x19 /Users/Chris/pebble-dev/PebbleSDK-3.0/arm-cs-tools/bin/../lib/gcc/arm-none-eabi/4.7.2/thumb2/libgcc.a(_arm_muldivdf3.o)
 .ARM.attributes
                0x00000000000000fb       0x19 /Users/Chris/pebble-dev/PebbleSDK-3.0/arm-cs-tools/bin/../lib/gcc/arm-none-eabi/4.7.2/thumb2/libgcc.a(_arm_cmpdf2.o)
 .ARM.attributes
                0x0000000000000114       0x19 /Users/Chris/pebble-dev/PebbleSDK-3.0/arm-cs-tools/bin/../lib/gcc/arm-none-eabi/4.7.2/thumb2/libgcc.a(_arm_fixdfsi.o)
 .ARM.attributes
                0x000000000000012d       0x29 /Users/Chris/pebble-dev/PebbleSDK-3.0/arm-cs-tools/bin/../lib/gcc/arm-none-eabi/4.7.2/thumb2/crtend.o
 .ARM.attributes
                0x0000000000000156       0x19 /Users/Chris/pebble-dev/PebbleSDK-3.0/arm-cs-tools/bin/../lib/gcc/arm-none-eabi/4.7.2/thumb2/crtn.o

.comment        0x0000000000000000       0x4e
 .comment       0x0000000000000000       0x4e /Users/Chris/pebble-dev/PebbleSDK-3.0/arm-cs-tools/bin/../lib/gcc/arm-none-eabi/4.7.2/thumb2/crtbegin.o
                                         0x4f (size before relaxing)
 .comment       0x0000000000000000       0x4f src/main.c.24.o
 .comment       0x0000000000000000       0x4f aplite/appinfo.auto.c.24.o
 .comment       0x0000000000000000       0x4f /Users/Chris/pebble-dev/PebbleSDK-3.0/arm-cs-tools/bin/../lib/gcc/arm-none-eabi/4.7.2/thumb2/crtend.o

.debug_info     0x0000000000000000     0x3778
 .debug_info    0x0000000000000000     0x3180 src/main.c.24.o
 .debug_info    0x0000000000003180      0x314 aplite/appinfo.auto.c.24.o
 .debug_info    0x0000000000003494       0xb9 /Users/Chris/pebble-dev/PebbleSDK-3.0/arm-cs-tools/bin/../lib/gcc/arm-none-eabi/4.7.2/thumb2/libgcc.a(_arm_addsubdf3.o)
 .debug_info    0x000000000000354d       0xb9 /Users/Chris/pebble-dev/PebbleSDK-3.0/arm-cs-tools/bin/../lib/gcc/arm-none-eabi/4.7.2/thumb2/libgcc.a(_arm_muldivdf3.o)
 .debug_info    0x0000000000003606       0xb9 /Users/Chris/pebble-dev/PebbleSDK-3.0/arm-cs-tools/bin/../lib/gcc/arm-none-eabi/4.7.2/thumb2/libgcc.a(_arm_cmpdf2.o)
 .debug_info    0x00000000000036bf       0xb9 /Users/Chris/pebble-dev/PebbleSDK-3.0/arm-cs-tools/bin/../lib/gcc/arm-none-eabi/4.7.2/thumb2/libgcc.a(_arm_fixdfsi.o)

.debug_abbrev   0x0000000000000000      0x593
 .debug_abbrev  0x0000000000000000      0x4a5 src/main.c.24.o
 .debug_abbrev  0x00000000000004a5       0x9e aplite/appinfo.auto.c.24.o
 .debug_abbrev  0x0000000000000543       0x14 /Users/Chris/pebble-dev/PebbleSDK-3.0/arm-cs-tools/bin/../lib/gcc/arm-none-eabi/4.7.2/thumb2/libgcc.a(_arm_addsubdf3.o)
 .debug_abbrev  0x0000000000000557       0x14 /Users/Chris/pebble-dev/PebbleSDK-3.0/arm-cs-tools/bin/../lib/gcc/arm-none-eabi/4.7.2/thumb2/libgcc.a(_arm_muldivdf3.o)
 .debug_abbrev  0x000000000000056b       0x14 /Users/Chris/pebble-dev/PebbleSDK-3.0/arm-cs-tools/bin/../lib/gcc/arm-none-eabi/4.7.2/thumb2/libgcc.a(_arm_cmpdf2.o)
 .debug_abbrev  0x000000000000057f       0x14 /Users/Chris/pebble-dev/PebbleSDK-3.0/arm-cs-tools/bin/../lib/gcc/arm-none-eabi/4.7.2/thumb2/libgcc.a(_arm_fixdfsi.o)

.debug_loc      0x0000000000000000     0x13f6
 .debug_loc     0x0000000000000000     0x13f6 src/main.c.24.o

.debug_aranges  0x0000000000000000      0x210
 .debug_aranges
                0x0000000000000000      0x178 src/main.c.24.o
 .debug_aranges
                0x0000000000000178       0x18 aplite/appinfo.auto.c.24.o
 .debug_aranges
                0x0000000000000190       0x20 /Users/Chris/pebble-dev/PebbleSDK-3.0/arm-cs-tools/bin/../lib/gcc/arm-none-eabi/4.7.2/thumb2/libgcc.a(_arm_addsubdf3.o)
 .debug_aranges
                0x00000000000001b0       0x20 /Users/Chris/pebble-dev/PebbleSDK-3.0/arm-cs-tools/bin/../lib/gcc/arm-none-eabi/4.7.2/thumb2/libgcc.a(_arm_muldivdf3.o)
 .debug_aranges
                0x00000000000001d0       0x20 /Users/Chris/pebble-dev/PebbleSDK-3.0/arm-cs-tools/bin/../lib/gcc/arm-none-eabi/4.7.2/thumb2/libgcc.a(_arm_cmpdf2.o)
 .debug_aranges
                0x00000000000001f0       0x20 /Users/Chris/pebble-dev/PebbleSDK-3.0/arm-cs-tools/bin/../lib/gcc/arm-none-eabi/4.7.2/thumb2/libgcc.a(_arm_fixdfsi.o)

.debug_ranges   0x0000000000000000      0x1a8
 .debug_ranges  0x0000000000000000      0x1a8 src/main.c.24.o

.debug_line     0x0000000000000000      0xea9
 .debug_line    0x0000000000000000      0x7b6 src/main.c.24.o
 .debug_line    0x00000000000007b6      0x131 aplite/appinfo.auto.c.24.o
 .debug_line    0x00000000000008e7      0x20a /Users/Chris/pebble-dev/PebbleSDK-3.0/arm-cs-tools/bin/../lib/gcc/arm-none-eabi/4.7.2/thumb2/libgcc.a(_arm_addsubdf3.o)
 .debug_line    0x0000000000000af1      0x226 /Users/Chris/pebble-dev/PebbleSDK-3.0/arm-cs-tools/bin/../lib/gcc/arm-none-eabi/4.7.2/thumb2/libgcc.a(_arm_muldivdf3.o)
 .debug_line    0x0000000000000d17      0x10c /Users/Chris/pebble-dev/PebbleSDK-3.0/arm-cs-tools/bin/../lib/gcc/arm-none-eabi/4.7.2/thumb2/libgcc.a(_arm_cmpdf2.o)
 .debug_line    0x0000000000000e23       0x86 /Users/Chris/pebble-dev/PebbleSDK-3.0/arm-cs-tools/bin/../lib/gcc/arm-none-eabi/4.7.2/thumb2/libgcc.a(_arm_fixdfsi.o)

.debug_str      0x0000000000000000     0x14e1
 .debug_str     0x0000000000000000     0x1388 src/main.c.24.o
                                       0x14d4 (size before relaxing)
 .debug_str     0x0000000000001388      0x159 aplite/appinfo.auto.c.24.o
                                        0x2ca (size before relaxing)

.debug_frame    0x0000000000000000      0x484
 .debug_frame   0x0000000000000000      0x484 src/main.c.24.o
